Archive member included to satisfy reference by file (symbol)

c:/st/stm32cubeide_1.7.0/stm32cubeide/plugins/com.st.stm32cube.ide.mcu.externaltools.gnu-tools-for-stm32.9-2020-q2-update.win32_2.0.0.202105311346/tools/bin/../lib/gcc/arm-none-eabi/9.3.1/../../../../arm-none-eabi/lib/thumb/v7e-m+fp/hard\libc_nano.a(lib_a-errno.o)
                              ./Core/Src/syscalls.o (__errno)
c:/st/stm32cubeide_1.7.0/stm32cubeide/plugins/com.st.stm32cube.ide.mcu.externaltools.gnu-tools-for-stm32.9-2020-q2-update.win32_2.0.0.202105311346/tools/bin/../lib/gcc/arm-none-eabi/9.3.1/../../../../arm-none-eabi/lib/thumb/v7e-m+fp/hard\libc_nano.a(lib_a-exit.o)
                              c:/st/stm32cubeide_1.7.0/stm32cubeide/plugins/com.st.stm32cube.ide.mcu.externaltools.gnu-tools-for-stm32.9-2020-q2-update.win32_2.0.0.202105311346/tools/bin/../lib/gcc/arm-none-eabi/9.3.1/../../../../arm-none-eabi/lib/thumb/v7e-m+fp/hard/crt0.o (exit)
c:/st/stm32cubeide_1.7.0/stm32cubeide/plugins/com.st.stm32cube.ide.mcu.externaltools.gnu-tools-for-stm32.9-2020-q2-update.win32_2.0.0.202105311346/tools/bin/../lib/gcc/arm-none-eabi/9.3.1/../../../../arm-none-eabi/lib/thumb/v7e-m+fp/hard\libc_nano.a(lib_a-impure.o)
                              c:/st/stm32cubeide_1.7.0/stm32cubeide/plugins/com.st.stm32cube.ide.mcu.externaltools.gnu-tools-for-stm32.9-2020-q2-update.win32_2.0.0.202105311346/tools/bin/../lib/gcc/arm-none-eabi/9.3.1/../../../../arm-none-eabi/lib/thumb/v7e-m+fp/hard\libc_nano.a(lib_a-exit.o) (_global_impure_ptr)
c:/st/stm32cubeide_1.7.0/stm32cubeide/plugins/com.st.stm32cube.ide.mcu.externaltools.gnu-tools-for-stm32.9-2020-q2-update.win32_2.0.0.202105311346/tools/bin/../lib/gcc/arm-none-eabi/9.3.1/../../../../arm-none-eabi/lib/thumb/v7e-m+fp/hard\libc_nano.a(lib_a-init.o)
                              c:/st/stm32cubeide_1.7.0/stm32cubeide/plugins/com.st.stm32cube.ide.mcu.externaltools.gnu-tools-for-stm32.9-2020-q2-update.win32_2.0.0.202105311346/tools/bin/../lib/gcc/arm-none-eabi/9.3.1/../../../../arm-none-eabi/lib/thumb/v7e-m+fp/hard/crt0.o (__libc_init_array)
c:/st/stm32cubeide_1.7.0/stm32cubeide/plugins/com.st.stm32cube.ide.mcu.externaltools.gnu-tools-for-stm32.9-2020-q2-update.win32_2.0.0.202105311346/tools/bin/../lib/gcc/arm-none-eabi/9.3.1/../../../../arm-none-eabi/lib/thumb/v7e-m+fp/hard\libc_nano.a(lib_a-memcpy-stub.o)
                              ./Core/Src/Bridge.o (memcpy)
c:/st/stm32cubeide_1.7.0/stm32cubeide/plugins/com.st.stm32cube.ide.mcu.externaltools.gnu-tools-for-stm32.9-2020-q2-update.win32_2.0.0.202105311346/tools/bin/../lib/gcc/arm-none-eabi/9.3.1/../../../../arm-none-eabi/lib/thumb/v7e-m+fp/hard\libc_nano.a(lib_a-memset.o)
                              c:/st/stm32cubeide_1.7.0/stm32cubeide/plugins/com.st.stm32cube.ide.mcu.externaltools.gnu-tools-for-stm32.9-2020-q2-update.win32_2.0.0.202105311346/tools/bin/../lib/gcc/arm-none-eabi/9.3.1/../../../../arm-none-eabi/lib/thumb/v7e-m+fp/hard/crt0.o (memset)
c:/st/stm32cubeide_1.7.0/stm32cubeide/plugins/com.st.stm32cube.ide.mcu.externaltools.gnu-tools-for-stm32.9-2020-q2-update.win32_2.0.0.202105311346/tools/bin/../lib/gcc/arm-none-eabi/9.3.1/thumb/v7e-m+fp/hard\libgcc.a(_arm_muldf3.o)
                              ./Core/Src/Data_Acquisition_Module.o (__aeabi_dmul)
c:/st/stm32cubeide_1.7.0/stm32cubeide/plugins/com.st.stm32cube.ide.mcu.externaltools.gnu-tools-for-stm32.9-2020-q2-update.win32_2.0.0.202105311346/tools/bin/../lib/gcc/arm-none-eabi/9.3.1/thumb/v7e-m+fp/hard\libgcc.a(_arm_addsubdf3.o)
                              ./Core/Src/Data_Acquisition_Module.o (__aeabi_dsub)
c:/st/stm32cubeide_1.7.0/stm32cubeide/plugins/com.st.stm32cube.ide.mcu.externaltools.gnu-tools-for-stm32.9-2020-q2-update.win32_2.0.0.202105311346/tools/bin/../lib/gcc/arm-none-eabi/9.3.1/thumb/v7e-m+fp/hard\libgcc.a(_arm_muldivdf3.o)
                              ./Core/Src/Data_Acquisition_Module.o (__aeabi_ddiv)
c:/st/stm32cubeide_1.7.0/stm32cubeide/plugins/com.st.stm32cube.ide.mcu.externaltools.gnu-tools-for-stm32.9-2020-q2-update.win32_2.0.0.202105311346/tools/bin/../lib/gcc/arm-none-eabi/9.3.1/thumb/v7e-m+fp/hard\libgcc.a(_arm_fixdfsi.o)
                              ./Core/Src/Data_Acquisition_Module.o (__aeabi_d2iz)
c:/st/stm32cubeide_1.7.0/stm32cubeide/plugins/com.st.stm32cube.ide.mcu.externaltools.gnu-tools-for-stm32.9-2020-q2-update.win32_2.0.0.202105311346/tools/bin/../lib/gcc/arm-none-eabi/9.3.1/thumb/v7e-m+fp/hard\libgcc.a(_aeabi_uldivmod.o)
                              ./Drivers/STM32F4xx_HAL_Driver/Src/stm32f4xx_hal_rcc.o (__aeabi_uldivmod)
c:/st/stm32cubeide_1.7.0/stm32cubeide/plugins/com.st.stm32cube.ide.mcu.externaltools.gnu-tools-for-stm32.9-2020-q2-update.win32_2.0.0.202105311346/tools/bin/../lib/gcc/arm-none-eabi/9.3.1/thumb/v7e-m+fp/hard\libgcc.a(_udivmoddi4.o)
[...]
Memory Configuration

Name             Origin             Length             Attributes
CCMRAM           0x0000000010000000 0x0000000000010000 xrw
RAM              0x0000000020000000 0x0000000000020000 xrw
FLASH            0x0000000008000000 0x0000000000100000 xr
*default*        0x0000000000000000 0xffffffffffffffff

Linker script and memory map

LOAD c:/st/stm32cubeide_1.7.0/stm32cubeide/plugins/com.st.stm32cube.ide.mcu.externaltools.gnu-tools-for-stm32.9-2020-q2-update.win32_2.0.0.202105311346/tools/bin/../lib/gcc/arm-none-eabi/9.3.1/thumb/v7e-m+fp/hard/crti.o
LOAD c:/st/stm32cubeide_1.7.0/stm32cubeide/plugins/com.st.stm32cube.ide.mcu.externaltools.gnu-tools-for-stm32.9-2020-q2-update.win32_2.0.0.202105311346/tools/bin/../lib/gcc/arm-none-eabi/9.3.1/thumb/v7e-m+fp/hard/crtbegin.o
LOAD c:/st/stm32cubeide_1.7.0/stm32cubeide/plugins/com.st.stm32cube.ide.mcu.externaltools.gnu-tools-for-stm32.9-2020-q2-update.win32_2.0.0.202105311346/tools/bin/../lib/gcc/arm-none-eabi/9.3.1/../../../../arm-none-eabi/lib/thumb/v7e-m+fp/hard/crt0.o
LOAD ./Core/Src/Bridge.o
LOAD ./Core/Src/Data_Acquisition_Module.o
LOAD ./Core/Src/main.o
LOAD ./Core/Src/stm32f4xx_hal_msp.o
LOAD ./Core/Src/stm32f4xx_it.o
LOAD ./Core/Src/syscalls.o
LOAD ./Core/Src/sysmem.o
LOAD ./Core/Src/system_stm32f4xx.o
LOAD ./Core/Startup/startup_stm32f407vgtx.o
LOAD ./Drivers/STM32F4xx_HAL_Driver/Src/stm32f4xx_hal.o
LOAD ./Drivers/STM32F4xx_HAL_Driver/Src/stm32f4xx_hal_adc.o
LOAD ./Drivers/STM32F4xx_HAL_Driver/Src/stm32f4xx_hal_adc_ex.o
LOAD ./Drivers/STM32F4xx_HAL_Driver/Src/stm32f4xx_hal_cortex.o
LOAD ./Drivers/STM32F4xx_HAL_Driver/Src/stm32f4xx_hal_dma.o
LOAD ./Drivers/STM32F4xx_HAL_Driver/Src/stm32f4xx_hal_dma_ex.o
LOAD ./Drivers/STM32F4xx_HAL_Driver/Src/stm32f4xx_hal_exti.o
LOAD ./Drivers/STM32F4xx_HAL_Driver/Src/stm32f4xx_hal_flash.o
LOAD ./Drivers/STM32F4xx_HAL_Driver/Src/stm32f4xx_hal_flash_ex.o
LOAD ./Drivers/STM32F4xx_HAL_Driver/Src/stm32f4xx_hal_flash_ramfunc.o
LOAD ./Drivers/STM32F4xx_HAL_Driver/Src/stm32f4xx_hal_gpio.o
LOAD ./Drivers/STM32F4xx_HAL_Driver/Src/stm32f4xx_hal_pcd.o
LOAD ./Drivers/STM32F4xx_HAL_Driver/Src/stm32f4xx_hal_pcd_ex.o
LOAD ./Drivers/STM32F4xx_HAL_Driver/Src/stm32f4xx_hal_pwr.o
LOAD ./Drivers/STM32F4xx_HAL_Driver/Src/stm32f4xx_hal_pwr_ex.o
LOAD ./Drivers/STM32F4xx_HAL_Driver/Src/stm32f4xx_hal_rcc.o
LOAD ./Drivers/STM32F4xx_HAL_Driver/Src/stm32f4xx_hal_rcc_ex.o
LOAD ./Drivers/STM32F4xx_HAL_Driver/Src/stm32f4xx_hal_tim.o
LOAD ./Drivers/STM32F4xx_HAL_Driver/Src/stm32f4xx_hal_tim_ex.o
LOAD ./Drivers/STM32F4xx_HAL_Driver/Src/stm32f4xx_ll_adc.o
LOAD ./Drivers/STM32F4xx_HAL_Driver/Src/stm32f4xx_ll_usb.o
LOAD ./Middlewares/ST/STM32_USB_Device_Library/Class/CDC/Src/usbd_cdc.o
LOAD ./Middlewares/ST/STM32_USB_Device_Library/Core/Src/usbd_core.o
LOAD ./Middlewares/ST/STM32_USB_Device_Library/Core/Src/usbd_ctlreq.o
LOAD ./Middlewares/ST/STM32_USB_Device_Library/Core/Src/usbd_ioreq.o
LOAD ./USB_DEVICE/App/usb_device.o
LOAD ./USB_DEVICE/App/usbd_cdc_if.o
LOAD ./USB_DEVICE/App/usbd_desc.o
LOAD ./USB_DEVICE/Target/usbd_conf.o
START GROUP
LOAD c:/st/stm32cubeide_1.7.0/stm32cubeide/plugins/com.st.stm32cube.ide.mcu.externaltools.gnu-tools-for-stm32.9-2020-q2-update.win32_2.0.0.202105311346/tools/bin/../lib/gcc/arm-none-eabi/9.3.1/../../../../arm-none-eabi/lib/thumb/v7e-m+fp/hard\libc_nano.a
LOAD c:/st/stm32cubeide_1.7.0/stm32cubeide/plugins/com.st.stm32cube.ide.mcu.externaltools.gnu-tools-for-stm32.9-2020-q2-update.win32_2.0.0.202105311346/tools/bin/../lib/gcc/arm-none-eabi/9.3.1/../../../../arm-none-eabi/lib/thumb/v7e-m+fp/hard\libm.a
END GROUP
START GROUP
LOAD c:/st/stm32cubeide_1.7.0/stm32cubeide/plugins/com.st.stm32cube.ide.mcu.externaltools.gnu-tools-for-stm32.9-2020-q2-update.win32_2.0.0.202105311346/tools/bin/../lib/gcc/arm-none-eabi/9.3.1/thumb/v7e-m+fp/hard\libgcc.a
LOAD c:/st/stm32cubeide_1.7.0/stm32cubeide/plugins/com.st.stm32cube.ide.mcu.externaltools.gnu-tools-for-stm32.9-2020-q2-update.win32_2.0.0.202105311346/tools/bin/../lib/gcc/arm-none-eabi/9.3.1/../../../../arm-none-eabi/lib/thumb/v7e-m+fp/hard\libc_nano.a
END GROUP
START GROUP
LOAD c:/st/stm32cubeide_1.7.0/stm32cubeide/plugins/com.st.stm32cube.ide.mcu.externaltools.gnu-tools-for-stm32.9-2020-q2-update.win32_2.0.0.202105311346/tools/bin/../lib/gcc/arm-none-eabi/9.3.1/thumb/v7e-m+fp/hard\libgcc.a
LOAD c:/st/stm32cubeide_1.7.0/stm32cubeide/plugins/com.st.stm32cube.ide.mcu.externaltools.gnu-tools-for-stm32.9-2020-q2-update.win32_2.0.0.202105311346/tools/bin/../lib/gcc/arm-none-eabi/9.3.1/../../../../arm-none-eabi/lib/thumb/v7e-m+fp/hard\libc_nano.a
LOAD c:/st/stm32cubeide_1.7.0/stm32cubeide/plugins/com.st.stm32cube.ide.mcu.externaltools.gnu-tools-for-stm32.9-2020-q2-update.win32_2.0.0.202105311346/tools/bin/../lib/gcc/arm-none-eabi/9.3.1/../../../../arm-none-eabi/lib/thumb/v7e-m+fp/hard\libnosys.a
END GROUP
START GROUP
LOAD c:/st/stm32cubeide_1.7.0/stm32cubeide/plugins/com.st.stm32cube.ide.mcu.externaltools.gnu-tools-for-stm32.9-2020-q2-update.win32_2.0.0.202105311346/tools/bin/../lib/gcc/arm-none-eabi/9.3.1/thumb/v7e-m+fp/hard\libgcc.a
LOAD c:/st/stm32cubeide_1.7.0/stm32cubeide/plugins/com.st.stm32cube.ide.mcu.externaltools.gnu-tools-for-stm32.9-2020-q2-update.win32_2.0.0.202105311346/tools/bin/../lib/gcc/arm-none-eabi/9.3.1/../../../../arm-none-eabi/lib/thumb/v7e-m+fp/hard\libc_nano.a
LOAD c:/st/stm32cubeide_1.7.0/stm32cubeide/plugins/com.st.stm32cube.ide.mcu.externaltools.gnu-tools-for-stm32.9-2020-q2-update.win32_2.0.0.202105311346/tools/bin/../lib/gcc/arm-none-eabi/9.3.1/../../../../arm-none-eabi/lib/thumb/v7e-m+fp/hard\libnosys.a
END GROUP
LOAD c:/st/stm32cubeide_1.7.0/stm32cubeide/plugins/com.st.stm32cube.ide.mcu.externaltools.gnu-tools-for-stm32.9-2020-q2-update.win32_2.0.0.202105311346/tools/bin/../lib/gcc/arm-none-eabi/9.3.1/thumb/v7e-m+fp/hard/crtend.o
LOAD c:/st/stm32cubeide_1.7.0/stm32cubeide/plugins/com.st.stm32cube.ide.mcu.externaltools.gnu-tools-for-stm32.9-2020-q2-update.win32_2.0.0.202105311346/tools/bin/../lib/gcc/arm-none-eabi/9.3.1/thumb/v7e-m+fp/hard/crtn.o
                0x0000000020020000                _estack = (ORIGIN (RAM) + LENGTH (RAM))
                0x0000000000000200                _Min_Heap_Size = 0x200
                0x0000000000000400                _Min_Stack_Size = 0x400

.isr_vector     0x0000000008000000      0x188
                0x0000000008000000                . = ALIGN (0x4)
 *(.isr_vector)
 .isr_vector    0x0000000008000000      0x188 ./Core/Startup/startup_stm32f407vgtx.o
                0x0000000008000000                g_pfnVectors
                0x0000000008000188                . = ALIGN (0x4)

.text           0x0000000008000188     0x8ae8
                0x0000000008000188                . = ALIGN (0x4)
 *(.text)
 .text          0x0000000008000188       0x40 c:/st/stm32cubeide_1.7.0/stm32cubeide/plugins/com.st.stm32cube.ide.mcu.externaltools.gnu-tools-for-stm32.9-2020-q2-update.win32_2.0.0.202105311346/tools/bin/../lib/gcc/arm-none-eabi/9.3.1/thumb/v7e-m+fp/hard/crtbegin.o
 .text          0x00000000080001c8      0x378 c:/st/stm32cubeide_1.7.0/stm32cubeide/plugins/com.st.stm32cube.ide.mcu.externaltools.gnu-tools-for-stm32.9-2020-q2-update.win32_2.0.0.202105311346/tools/bin/../lib/gcc/arm-none-eabi/9.3.1/thumb/v7e-m+fp/hard\libgcc.a(_arm_addsubdf3.o)
                0x00000000080001c8                __aeabi_drsub
                0x00000000080001d0                __aeabi_dsub
                0x00000000080001d0                __subdf3
                0x00000000080001d4                __aeabi_dadd
                0x00000000080001d4                __adddf3
                0x000000000800044c                __floatunsidf
                0x000000000800044c                __aeabi_ui2d
                0x000000000800046c                __floatsidf
                0x000000000800046c                __aeabi_i2d
                0x0000000008000490                __aeabi_f2d
                0x0000000008000490                __extendsfdf2
                0x00000000080004d4                __floatundidf
                0x00000000080004d4                __aeabi_ul2d
                0x00000000080004e4                __floatdidf
                0x00000000080004e4                __aeabi_l2d
 .text          0x0000000008000540      0x424 c:/st/stm32cubeide_1.7.0/stm32cubeide/plugins/com.st.stm32cube.ide.mcu.externaltools.gnu-tools-for-stm32.9-2020-q2-update.win32_2.0.0.202105311346/tools/bin/../lib/gcc/arm-none-eabi/9.3.1/thumb/v7e-m+fp/hard\libgcc.a(_arm_muldivdf3.o)
                0x0000000008000540                __aeabi_dmul
                0x0000000008000540                __muldf3
                0x0000000008000794                __divdf3
                0x0000000008000794                __aeabi_ddiv
 .text          0x0000000008000964       0x50 c:/st/stm32cubeide_1.7.0/stm32cubeide/plugins/com.st.stm32cube.ide.mcu.externaltools.gnu-tools-for-stm32.9-2020-q2-update.win32_2.0.0.202105311346/tools/bin/../lib/gcc/arm-none-eabi/9.3.1/thumb/v7e-m+fp/hard\libgcc.a(_arm_fixdfsi.o)
                0x0000000008000964                __aeabi_d2iz
                0x0000000008000964                __fixdfsi
 .text          0x00000000080009b4       0x30 c:/st/stm32cubeide_1.7.0/stm32cubeide/plugins/com.st.stm32cube.ide.mcu.externaltools.gnu-tools-for-stm32.9-2020-q2-update.win32_2.0.0.202105311346/tools/bin/../lib/gcc/arm-none-eabi/9.3.1/thumb/v7e-m+fp/hard\libgcc.a(_aeabi_uldivmod.o)
                0x00000000080009b4                __aeabi_uldivmod
 .text          0x00000000080009e4      0x2c4 c:/st/stm32cubeide_1.7.0/stm32cubeide/plugins/com.st.stm32cube.ide.mcu.externaltools.gnu-tools-for-stm32.9-2020-q2-update.win32_2.0.0.202105311346/tools/bin/../lib/gcc/arm-none-eabi/9.3.1/thumb/v7e-m+fp/hard\libgcc.a(_udivmoddi4.o)
                0x00000000080009e4                __udivmoddi4
 .text          0x0000000008000ca8        0x4 c:/st/stm32cubeide_1.7.0/stm32cubeide/plugins/com.st.stm32cube.ide.mcu.externaltools.gnu-tools-for-stm32.9-2020-q2-update.win32_2.0.0.202105311346/tools/bin/../lib/gcc/arm-none-eabi/9.3.1/thumb/v7e-m+fp/hard\libgcc.a(_dvmd_tls.o)
                0x0000000008000ca8                __aeabi_idiv0
                0x0000000008000ca8                __aeabi_ldiv0
 *(.text*)
 .text.Set_Sync_Pin
                0x0000000008000cac       0x18 ./Core/Src/Bridge.o
                0x0000000008000cac                Set_Sync_Pin
 .text.Clr_Sync_Pin
                0x0000000008000cc4       0x18 ./Core/Src/Bridge.o
                0x0000000008000cc4                Clr_Sync_Pin
 .text.Set_DCDC_En_Pin
                0x0000000008000cdc       0x18 ./Core/Src/Bridge.o
                0x0000000008000cdc                Set_DCDC_En_Pin
 .text.Clr_DCDC_En_Pin
                0x0000000008000cf4       0x18 ./Core/Src/Bridge.o
                0x0000000008000cf4                Clr_DCDC_En_Pin
 .text.ADC_Measurement
                0x0000000008000d0c       0xc0 ./Core/Src/Bridge.o
                0x0000000008000d0c                ADC_Measurement
 .text.All_Parameters_Measurement
                0x0000000008000dcc       0x72 ./Core/Src/Bridge.o
                0x0000000008000dcc                All_Parameters_Measurement
 .text.TxBuffer_Send
                0x0000000008000e3e       0x18 ./Core/Src/Bridge.o
                0x0000000008000e3e                TxBuffer_Send
 *fill*         0x0000000008000e56        0x2 
 .text.Convert_ADC_to_Tx_format
                0x0000000008000e58      0x464 ./Core/Src/Data_Acquisition_Module.o
                0x0000000008000e58                Convert_ADC_to_Tx_format
 .text.Create_Tx_Buffer
                0x00000000080012bc       0xd8 ./Core/Src/Data_Acquisition_Module.o
                0x00000000080012bc                Create_Tx_Buffer
 .text.Process_Rx_Parcel
                0x0000000008001394       0x9c ./Core/Src/Data_Acquisition_Module.o
                0x0000000008001394                Process_Rx_Parcel
 .text.Initialize_System
                0x0000000008001430       0x38 ./Core/Src/Data_Acquisition_Module.o
                0x0000000008001430                Initialize_System
 .text.Initialize_System2
                0x0000000008001468       0x3e ./Core/Src/Data_Acquisition_Module.o
                0x0000000008001468                Initialize_System2
 *fill*         0x00000000080014a6        0x2 
 .text.Timer_100us
                0x00000000080014a8      0x150 ./Core/Src/Data_Acquisition_Module.o
                0x00000000080014a8                Timer_100us
 .text.main     0x00000000080015f8       0x8c ./Core/Src/main.o
                0x00000000080015f8                main
 .text.SystemClock_Config
                0x0000000008001684       0xd4 ./Core/Src/main.o
                0x0000000008001684                SystemClock_Config
 .text.MX_ADC1_Init
                0x0000000008001758       0xa4 ./Core/Src/main.o
 .text.MX_ADC2_Init
                0x00000000080017fc       0xa4 ./Core/Src/main.o
 .text.MX_ADC3_Init
                0x00000000080018a0       0xa4 ./Core/Src/main.o
 .text.MX_TIM2_Init
                0x0000000008001944       0x98 ./Core/Src/main.o
 .text.MX_GPIO_Init
                0x00000000080019dc       0xc0 ./Core/Src/main.o
 .text.HAL_TIM_PeriodElapsedCallback
                0x0000000008001a9c       0x54 ./Core/Src/main.o
                0x0000000008001a9c                HAL_TIM_PeriodElapsedCallback
 .text.Error_Handler
                0x0000000008001af0        0xa ./Core/Src/main.o
                0x0000000008001af0                Error_Handler
 *fill*         0x0000000008001afa        0x2 
 .text.HAL_MspInit
                0x0000000008001afc       0x50 ./Core/Src/stm32f4xx_hal_msp.o
                0x0000000008001afc                HAL_MspInit
 .text.HAL_ADC_MspInit
                0x0000000008001b4c      0x180 ./Core/Src/stm32f4xx_hal_msp.o
                0x0000000008001b4c                HAL_ADC_MspInit
 .text.HAL_TIM_Base_MspInit
                0x0000000008001ccc       0x4c ./Core/Src/stm32f4xx_hal_msp.o
                0x0000000008001ccc                HAL_TIM_Base_MspInit
 .text.NMI_Handler
                0x0000000008001d18        0x6 ./Core/Src/stm32f4xx_it.o
                0x0000000008001d18                NMI_Handler
 .text.HardFault_Handler
                0x0000000008001d1e        0x6 ./Core/Src/stm32f4xx_it.o
                0x0000000008001d1e                HardFault_Handler
 .text.MemManage_Handler
                0x0000000008001d24        0x6 ./Core/Src/stm32f4xx_it.o
                0x0000000008001d24                MemManage_Handler
 .text.BusFault_Handler
                0x0000000008001d2a        0x6 ./Core/Src/stm32f4xx_it.o
                0x0000000008001d2a                BusFault_Handler
 .text.UsageFault_Handler
                0x0000000008001d30        0x6 ./Core/Src/stm32f4xx_it.o
                0x0000000008001d30                UsageFault_Handler
 .text.SVC_Handler
                0x0000000008001d36        0xe ./Core/Src/stm32f4xx_it.o
                0x0000000008001d36                SVC_Handler
 .text.DebugMon_Handler
                0x0000000008001d44        0xe ./Core/Src/stm32f4xx_it.o
                0x0000000008001d44                DebugMon_Handler
 .text.PendSV_Handler
                0x0000000008001d52        0xe ./Core/Src/stm32f4xx_it.o
                0x0000000008001d52                PendSV_Handler
 .text.SysTick_Handler
                0x0000000008001d60        0xc ./Core/Src/stm32f4xx_it.o
                0x0000000008001d60                SysTick_Handler
 .text.TIM2_IRQHandler
                0x0000000008001d6c       0x14 ./Core/Src/stm32f4xx_it.o
                0x0000000008001d6c                TIM2_IRQHandler
 .text.OTG_FS_IRQHandler
                0x0000000008001d80       0x14 ./Core/Src/stm32f4xx_it.o
                0x0000000008001d80                OTG_FS_IRQHandler
 .text.SystemInit
                0x0000000008001d94       0x24 ./Core/Src/system_stm32f4xx.o
                0x0000000008001d94                SystemInit
 .text.Reset_Handler
                0x0000000008001db8       0x50 ./Core/Startup/startup_stm32f407vgtx.o
                0x0000000008001db8                Reset_Handler
 .text.Default_Handler
                0x0000000008001e08        0x2 ./Core/Startup/startup_stm32f407vgtx.o
                0x0000000008001e08                RTC_Alarm_IRQHandler
                0x0000000008001e08                HASH_RNG_IRQHandler
                0x0000000008001e08                EXTI2_IRQHandler
                0x0000000008001e08                TIM8_CC_IRQHandler
                0x0000000008001e08                TIM1_CC_IRQHandler
                0x0000000008001e08                DMA2_Stream5_IRQHandler
                0x0000000008001e08                DMA1_Stream5_IRQHandler
                0x0000000008001e08                PVD_IRQHandler
                0x0000000008001e08                SDIO_IRQHandler
                0x0000000008001e08                TAMP_STAMP_IRQHandler
                0x0000000008001e08                CAN2_RX1_IRQHandler
                0x0000000008001e08                EXTI3_IRQHandler
                0x0000000008001e08                TIM8_TRG_COM_TIM14_IRQHandler
                0x0000000008001e08                TIM1_UP_TIM10_IRQHandler
                0x0000000008001e08                TIM8_UP_TIM13_IRQHandler
                0x0000000008001e08                I2C3_ER_IRQHandler
                0x0000000008001e08                EXTI0_IRQHandler
                0x0000000008001e08                I2C2_EV_IRQHandler
                0x0000000008001e08                DMA1_Stream2_IRQHandler
                0x0000000008001e08                CAN1_RX0_IRQHandler
                0x0000000008001e08                FPU_IRQHandler
                0x0000000008001e08                OTG_HS_WKUP_IRQHandler
                0x0000000008001e08                CAN2_SCE_IRQHandler
                0x0000000008001e08                DMA2_Stream2_IRQHandler
                0x0000000008001e08                SPI1_IRQHandler
                0x0000000008001e08                TIM6_DAC_IRQHandler
                0x0000000008001e08                TIM1_BRK_TIM9_IRQHandler
                0x0000000008001e08                DCMI_IRQHandler
                0x0000000008001e08                CAN2_RX0_IRQHandler
                0x0000000008001e08                DMA2_Stream3_IRQHandler
                0x0000000008001e08                USART6_IRQHandler
                0x0000000008001e08                USART3_IRQHandler
                0x0000000008001e08                CAN1_RX1_IRQHandler
                0x0000000008001e08                UART5_IRQHandler
                0x0000000008001e08                DMA2_Stream0_IRQHandler
                0x0000000008001e08                TIM4_IRQHandler
                0x0000000008001e08                I2C1_EV_IRQHandler
                0x0000000008001e08                DMA1_Stream6_IRQHandler
                0x0000000008001e08                DMA1_Stream1_IRQHandler
                0x0000000008001e08                UART4_IRQHandler
                0x0000000008001e08                TIM3_IRQHandler
                0x0000000008001e08                RCC_IRQHandler
                0x0000000008001e08                TIM8_BRK_TIM12_IRQHandler
                0x0000000008001e08                Default_Handler
                0x0000000008001e08                EXTI15_10_IRQHandler
                0x0000000008001e08                ADC_IRQHandler
                0x0000000008001e08                DMA1_Stream7_IRQHandler
                0x0000000008001e08                TIM7_IRQHandler
                0x0000000008001e08                CAN2_TX_IRQHandler
                0x0000000008001e08                TIM5_IRQHandler
                0x0000000008001e08                DMA2_Stream7_IRQHandler
                0x0000000008001e08                I2C3_EV_IRQHandler
                0x0000000008001e08                EXTI9_5_IRQHandler
                0x0000000008001e08                RTC_WKUP_IRQHandler
                0x0000000008001e08                ETH_WKUP_IRQHandler
                0x0000000008001e08                SPI2_IRQHandler
                0x0000000008001e08                OTG_HS_EP1_IN_IRQHandler
                0x0000000008001e08                DMA1_Stream0_IRQHandler
                0x0000000008001e08                CAN1_TX_IRQHandler
                0x0000000008001e08                EXTI4_IRQHandler
                0x0000000008001e08                FSMC_IRQHandler
                0x0000000008001e08                ETH_IRQHandler
                0x0000000008001e08                OTG_HS_EP1_OUT_IRQHandler
                0x0000000008001e08                WWDG_IRQHandler
                0x0000000008001e08                OTG_FS_WKUP_IRQHandler
                0x0000000008001e08                TIM1_TRG_COM_TIM11_IRQHandler
                0x0000000008001e08                OTG_HS_IRQHandler
                0x0000000008001e08                EXTI1_IRQHandler
                0x0000000008001e08                USART2_IRQHandler
                0x0000000008001e08                I2C2_ER_IRQHandler
                0x0000000008001e08                DMA2_Stream1_IRQHandler
                0x0000000008001e08                CAN1_SCE_IRQHandler
                0x0000000008001e08                FLASH_IRQHandler
                0x0000000008001e08                DMA2_Stream4_IRQHandler
                0x0000000008001e08                USART1_IRQHandler
                0x0000000008001e08                SPI3_IRQHandler
                0x0000000008001e08                DMA1_Stream4_IRQHandler
                0x0000000008001e08                I2C1_ER_IRQHandler
                0x0000000008001e08                DMA2_Stream6_IRQHandler
                0x0000000008001e08                DMA1_Stream3_IRQHandler
 *fill*         0x0000000008001e0a        0x2 
 .text.HAL_Init
                0x0000000008001e0c       0x44 ./Drivers/STM32F4xx_HAL_Driver/Src/stm32f4xx_hal.o
                0x0000000008001e0c                HAL_Init
 .text.HAL_InitTick
                0x0000000008001e50       0x60 ./Drivers/STM32F4xx_HAL_Driver/Src/stm32f4xx_hal.o
                0x0000000008001e50                HAL_InitTick
 .text.HAL_IncTick
                0x0000000008001eb0       0x28 ./Drivers/STM32F4xx_HAL_Driver/Src/stm32f4xx_hal.o
                0x0000000008001eb0                HAL_IncTick
 .text.HAL_GetTick
                0x0000000008001ed8       0x18 ./Drivers/STM32F4xx_HAL_Driver/Src/stm32f4xx_hal.o
                0x0000000008001ed8                HAL_GetTick
 .text.HAL_Delay
                0x0000000008001ef0       0x48 ./Drivers/STM32F4xx_HAL_Driver/Src/stm32f4xx_hal.o
                0x0000000008001ef0                HAL_Delay
 .text.HAL_ADC_Init
                0x0000000008001f38       0x86 ./Drivers/STM32F4xx_HAL_Driver/Src/stm32f4xx_hal_adc.o
                0x0000000008001f38                HAL_ADC_Init
 *fill*         0x0000000008001fbe        0x2 
 .text.HAL_ADC_Start
                0x0000000008001fc0      0x1a4 ./Drivers/STM32F4xx_HAL_Driver/Src/stm32f4xx_hal_adc.o
                0x0000000008001fc0                HAL_ADC_Start
 .text.HAL_ADC_Stop
                0x0000000008002164       0x66 ./Drivers/STM32F4xx_HAL_Driver/Src/stm32f4xx_hal_adc.o
                0x0000000008002164                HAL_ADC_Stop
 .text.HAL_ADC_PollForConversion
                0x00000000080021ca      0x116 ./Drivers/STM32F4xx_HAL_Driver/Src/stm32f4xx_hal_adc.o
                0x00000000080021ca                HAL_ADC_PollForConversion
 .text.HAL_ADC_GetValue
                0x00000000080022e0       0x1a ./Drivers/STM32F4xx_HAL_Driver/Src/stm32f4xx_hal_adc.o
                0x00000000080022e0                HAL_ADC_GetValue
 *fill*         0x00000000080022fa        0x2 
 .text.HAL_ADC_ConfigChannel
                0x00000000080022fc      0x244 ./Drivers/STM32F4xx_HAL_Driver/Src/stm32f4xx_hal_adc.o
                0x00000000080022fc                HAL_ADC_ConfigChannel
 .text.ADC_Init
                0x0000000008002540      0x1f8 ./Drivers/STM32F4xx_HAL_Driver/Src/stm32f4xx_hal_adc.o
 .text.__NVIC_SetPriorityGrouping
                0x0000000008002738       0x48 ./Drivers/STM32F4xx_HAL_Driver/Src/stm32f4xx_hal_cortex.o
 .text.__NVIC_GetPriorityGrouping
                0x0000000008002780       0x1c ./Drivers/STM32F4xx_HAL_Driver/Src/stm32f4xx_hal_cortex.o
 .text.__NVIC_EnableIRQ
                0x000000000800279c       0x3c ./Drivers/STM32F4xx_HAL_Driver/Src/stm32f4xx_hal_cortex.o
 .text.__NVIC_SetPriority
                0x00000000080027d8       0x54 ./Drivers/STM32F4xx_HAL_Driver/Src/stm32f4xx_hal_cortex.o
 .text.NVIC_EncodePriority
                0x000000000800282c       0x66 ./Drivers/STM32F4xx_HAL_Driver/Src/stm32f4xx_hal_cortex.o
 *fill*         0x0000000008002892        0x2 
 .text.SysTick_Config
                0x0000000008002894       0x44 ./Drivers/STM32F4xx_HAL_Driver/Src/stm32f4xx_hal_cortex.o
 .text.HAL_NVIC_SetPriorityGrouping
                0x00000000080028d8       0x16 ./Drivers/STM32F4xx_HAL_Driver/Src/stm32f4xx_hal_cortex.o
                0x00000000080028d8                HAL_NVIC_SetPriorityGrouping
 .text.HAL_NVIC_SetPriority
                0x00000000080028ee       0x38 ./Drivers/STM32F4xx_HAL_Driver/Src/stm32f4xx_hal_cortex.o
                0x00000000080028ee                HAL_NVIC_SetPriority
 .text.HAL_NVIC_EnableIRQ
                0x0000000008002926       0x1c ./Drivers/STM32F4xx_HAL_Driver/Src/stm32f4xx_hal_cortex.o
                0x0000000008002926                HAL_NVIC_EnableIRQ
 .text.HAL_SYSTICK_Config
                0x0000000008002942       0x18 ./Drivers/STM32F4xx_HAL_Driver/Src/stm32f4xx_hal_cortex.o
                0x0000000008002942                HAL_SYSTICK_Config
 *fill*         0x000000000800295a        0x2 
 .text.HAL_GPIO_Init
                0x000000000800295c      0x338 ./Drivers/STM32F4xx_HAL_Driver/Src/stm32f4xx_hal_gpio.o
                0x000000000800295c                HAL_GPIO_Init
 .text.HAL_GPIO_WritePin
                0x0000000008002c94       0x32 ./Drivers/STM32F4xx_HAL_Driver/Src/stm32f4xx_hal_gpio.o
                0x0000000008002c94                HAL_GPIO_WritePin
 .text.HAL_PCD_Init
                0x0000000008002cc6      0x23a ./Drivers/STM32F4xx_HAL_Driver/Src/stm32f4xx_hal_pcd.o
                0x0000000008002cc6                HAL_PCD_Init
 .text.HAL_PCD_Start
                0x0000000008002f00       0x66 ./Drivers/STM32F4xx_HAL_Driver/Src/stm32f4xx_hal_pcd.o
                0x0000000008002f00                HAL_PCD_Start
 .text.HAL_PCD_IRQHandler
                0x0000000008002f66      0x764 ./Drivers/STM32F4xx_HAL_Driver/Src/stm32f4xx_hal_pcd.o
                0x0000000008002f66                HAL_PCD_IRQHandler
 .text.HAL_PCD_SetAddress
                0x00000000080036ca       0x4a ./Drivers/STM32F4xx_HAL_Driver/Src/stm32f4xx_hal_pcd.o
                0x00000000080036ca                HAL_PCD_SetAddress
 .text.HAL_PCD_EP_Open
                0x0000000008003714       0xd0 ./Drivers/STM32F4xx_HAL_Driver/Src/stm32f4xx_hal_pcd.o
                0x0000000008003714                HAL_PCD_EP_Open
 .text.HAL_PCD_EP_Close
                0x00000000080037e4       0x94 ./Drivers/STM32F4xx_HAL_Driver/Src/stm32f4xx_hal_pcd.o
                0x00000000080037e4                HAL_PCD_EP_Close
 .text.HAL_PCD_EP_Receive
                0x0000000008003878       0x96 ./Drivers/STM32F4xx_HAL_Driver/Src/stm32f4xx_hal_pcd.o
                0x0000000008003878                HAL_PCD_EP_Receive
 .text.HAL_PCD_EP_GetRxCount
                0x000000000800390e       0x30 ./Drivers/STM32F4xx_HAL_Driver/Src/stm32f4xx_hal_pcd.o
                0x000000000800390e                HAL_PCD_EP_GetRxCount
 .text.HAL_PCD_EP_Transmit
                0x000000000800393e       0x94 ./Drivers/STM32F4xx_HAL_Driver/Src/stm32f4xx_hal_pcd.o
                0x000000000800393e                HAL_PCD_EP_Transmit
 .text.HAL_PCD_EP_SetStall
                0x00000000080039d2       0xc8 ./Drivers/STM32F4xx_HAL_Driver/Src/stm32f4xx_hal_pcd.o
                0x00000000080039d2                HAL_PCD_EP_SetStall
 .text.HAL_PCD_EP_ClrStall
                0x0000000008003a9a       0xac ./Drivers/STM32F4xx_HAL_Driver/Src/stm32f4xx_hal_pcd.o
                0x0000000008003a9a                HAL_PCD_EP_ClrStall
 .text.PCD_WriteEmptyTxFifo
                0x0000000008003b46      0x11a ./Drivers/STM32F4xx_HAL_Driver/Src/stm32f4xx_hal_pcd.o
 .text.PCD_EP_OutXfrComplete_int
                0x0000000008003c60      0x218 ./Drivers/STM32F4xx_HAL_Driver/Src/stm32f4xx_hal_pcd.o
 .text.PCD_EP_OutSetupPacket_int
                0x0000000008003e78       0x8c ./Drivers/STM32F4xx_HAL_Driver/Src/stm32f4xx_hal_pcd.o
 .text.HAL_PCDEx_SetTxFiFo
                0x0000000008003f04       0x8e ./Drivers/STM32F4xx_HAL_Driver/Src/stm32f4xx_hal_pcd_ex.o
                0x0000000008003f04                HAL_PCDEx_SetTxFiFo
 .text.HAL_PCDEx_SetRxFiFo
                0x0000000008003f92       0x22 ./Drivers/STM32F4xx_HAL_Driver/Src/stm32f4xx_hal_pcd_ex.o
                0x0000000008003f92                HAL_PCDEx_SetRxFiFo
 .text.HAL_PCDEx_LPM_Callback
                0x0000000008003fb4       0x18 ./Drivers/STM32F4xx_HAL_Driver/Src/stm32f4xx_hal_pcd_ex.o
                0x0000000008003fb4                HAL_PCDEx_LPM_Callback
 .text.HAL_RCC_OscConfig
                0x0000000008003fcc      0x4f0 ./Drivers/STM32F4xx_HAL_Driver/Src/stm32f4xx_hal_rcc.o
                0x0000000008003fcc                HAL_RCC_OscConfig
 .text.HAL_RCC_ClockConfig
                0x00000000080044bc      0x1cc ./Drivers/STM32F4xx_HAL_Driver/Src/stm32f4xx_hal_rcc.o
                0x00000000080044bc                HAL_RCC_ClockConfig
 .text.HAL_RCC_GetSysClockFreq
                0x0000000008004688      0x1c4 ./Drivers/STM32F4xx_HAL_Driver/Src/stm32f4xx_hal_rcc.o
                0x0000000008004688                HAL_RCC_GetSysClockFreq
 .text.HAL_RCC_GetHCLKFreq
                0x000000000800484c       0x18 ./Drivers/STM32F4xx_HAL_Driver/Src/stm32f4xx_hal_rcc.o
                0x000000000800484c                HAL_RCC_GetHCLKFreq
 .text.HAL_TIM_Base_Init
                0x0000000008004864       0x9e ./Drivers/STM32F4xx_HAL_Driver/Src/stm32f4xx_hal_tim.o
                0x0000000008004864                HAL_TIM_Base_Init
 *fill*         0x0000000008004902        0x2 
 .text.HAL_TIM_Base_Start_IT
                0x0000000008004904       0xe0 ./Drivers/STM32F4xx_HAL_Driver/Src/stm32f4xx_hal_tim.o
                0x0000000008004904                HAL_TIM_Base_Start_IT
 .text.HAL_TIM_IRQHandler
                0x00000000080049e4      0x210 ./Drivers/STM32F4xx_HAL_Driver/Src/stm32f4xx_hal_tim.o
                0x00000000080049e4                HAL_TIM_IRQHandler
 .text.HAL_TIM_ConfigClockSource
                0x0000000008004bf4      0x18e ./Drivers/STM32F4xx_HAL_Driver/Src/stm32f4xx_hal_tim.o
                0x0000000008004bf4                HAL_TIM_ConfigClockSource
 .text.HAL_TIM_OC_DelayElapsedCallback
                0x0000000008004d82       0x14 ./Drivers/STM32F4xx_HAL_Driver/Src/stm32f4xx_hal_tim.o
                0x0000000008004d82                HAL_TIM_OC_DelayElapsedCallback
 .text.HAL_TIM_IC_CaptureCallback
                0x0000000008004d96       0x14 ./Drivers/STM32F4xx_HAL_Driver/Src/stm32f4xx_hal_tim.o
                0x0000000008004d96                HAL_TIM_IC_CaptureCallback
 .text.HAL_TIM_PWM_PulseFinishedCallback
                0x0000000008004daa       0x14 ./Drivers/STM32F4xx_HAL_Driver/Src/stm32f4xx_hal_tim.o
                0x0000000008004daa                HAL_TIM_PWM_PulseFinishedCallback
 .text.HAL_TIM_TriggerCallback
                0x0000000008004dbe       0x14 ./Drivers/STM32F4xx_HAL_Driver/Src/stm32f4xx_hal_tim.o
                0x0000000008004dbe                HAL_TIM_TriggerCallback
 *fill*         0x0000000008004dd2        0x2 
 .text.TIM_Base_SetConfig
                0x0000000008004dd4      0x140 ./Drivers/STM32F4xx_HAL_Driver/Src/stm32f4xx_hal_tim.o
                0x0000000008004dd4                TIM_Base_SetConfig
 .text.TIM_TI1_ConfigInputStage
                0x0000000008004f14       0x5e ./Drivers/STM32F4xx_HAL_Driver/Src/stm32f4xx_hal_tim.o
 .text.TIM_TI2_ConfigInputStage
                0x0000000008004f72       0x60 ./Drivers/STM32F4xx_HAL_Driver/Src/stm32f4xx_hal_tim.o
 .text.TIM_ITRx_SetConfig
                0x0000000008004fd2       0x36 ./Drivers/STM32F4xx_HAL_Driver/Src/stm32f4xx_hal_tim.o
 .text.TIM_ETR_SetConfig
                0x0000000008005008       0x40 ./Drivers/STM32F4xx_HAL_Driver/Src/stm32f4xx_hal_tim.o
                0x0000000008005008                TIM_ETR_SetConfig
 .text.HAL_TIMEx_MasterConfigSynchronization
                0x0000000008005048       0xf8 ./Drivers/STM32F4xx_HAL_Driver/Src/stm32f4xx_hal_tim_ex.o
                0x0000000008005048                HAL_TIMEx_MasterConfigSynchronization
 .text.HAL_TIMEx_CommutCallback
                0x0000000008005140       0x14 ./Drivers/STM32F4xx_HAL_Driver/Src/stm32f4xx_hal_tim_ex.o
                0x0000000008005140                HAL_TIMEx_CommutCallback
 .text.HAL_TIMEx_BreakCallback
                0x0000000008005154       0x14 ./Drivers/STM32F4xx_HAL_Driver/Src/stm32f4xx_hal_tim_ex.o
                0x0000000008005154                HAL_TIMEx_BreakCallback
 .text.USB_CoreInit
                0x0000000008005168       0xc2 ./Drivers/STM32F4xx_HAL_Driver/Src/stm32f4xx_ll_usb.o
                0x0000000008005168                USB_CoreInit
 *fill*         0x000000000800522a        0x2 
 .text.USB_SetTurnaroundTime
                0x000000000800522c      0x144 ./Drivers/STM32F4xx_HAL_Driver/Src/stm32f4xx_ll_usb.o
                0x000000000800522c                USB_SetTurnaroundTime
 .text.USB_EnableGlobalInt
                0x0000000008005370       0x22 ./Drivers/STM32F4xx_HAL_Driver/Src/stm32f4xx_ll_usb.o
                0x0000000008005370                USB_EnableGlobalInt
 .text.USB_DisableGlobalInt
                0x0000000008005392       0x22 ./Drivers/STM32F4xx_HAL_Driver/Src/stm32f4xx_ll_usb.o
                0x0000000008005392                USB_DisableGlobalInt
 .text.USB_SetCurrentMode
                0x00000000080053b4       0x98 ./Drivers/STM32F4xx_HAL_Driver/Src/stm32f4xx_ll_usb.o
                0x00000000080053b4                USB_SetCurrentMode
 .text.USB_DevInit
                0x000000000800544c      0x2c8 ./Drivers/STM32F4xx_HAL_Driver/Src/stm32f4xx_ll_usb.o
                0x000000000800544c                USB_DevInit
 .text.USB_FlushTxFifo
                0x0000000008005714       0x48 ./Drivers/STM32F4xx_HAL_Driver/Src/stm32f4xx_ll_usb.o
                0x0000000008005714                USB_FlushTxFifo
 .text.USB_FlushRxFifo
                0x000000000800575c       0x40 ./Drivers/STM32F4xx_HAL_Driver/Src/stm32f4xx_ll_usb.o
                0x000000000800575c                USB_FlushRxFifo
 .text.USB_SetDevSpeed
                0x000000000800579c       0x32 ./Drivers/STM32F4xx_HAL_Driver/Src/stm32f4xx_ll_usb.o
                0x000000000800579c                USB_SetDevSpeed
 .text.USB_GetDevSpeed
                0x00000000080057ce       0x4a ./Drivers/STM32F4xx_HAL_Driver/Src/stm32f4xx_ll_usb.o
                0x00000000080057ce                USB_GetDevSpeed
 .text.USB_ActivateEndpoint
                0x0000000008005818      0x10e ./Drivers/STM32F4xx_HAL_Driver/Src/stm32f4xx_ll_usb.o
                0x0000000008005818                USB_ActivateEndpoint
 *fill*         0x0000000008005926        0x2 
 .text.USB_DeactivateEndpoint
                0x0000000008005928      0x1b8 ./Drivers/STM32F4xx_HAL_Driver/Src/stm32f4xx_ll_usb.o
                0x0000000008005928                USB_DeactivateEndpoint
 .text.USB_EPStartXfer
                0x0000000008005ae0      0x488 ./Drivers/STM32F4xx_HAL_Driver/Src/stm32f4xx_ll_usb.o
                0x0000000008005ae0                USB_EPStartXfer
 .text.USB_EP0StartXfer
                0x0000000008005f68      0x2a6 ./Drivers/STM32F4xx_HAL_Driver/Src/stm32f4xx_ll_usb.o
                0x0000000008005f68                USB_EP0StartXfer
 .text.USB_WritePacket
                0x000000000800620e       0x7c ./Drivers/STM32F4xx_HAL_Driver/Src/stm32f4xx_ll_usb.o
                0x000000000800620e                USB_WritePacket
 .text.USB_ReadPacket
                0x000000000800628a       0xb0 ./Drivers/STM32F4xx_HAL_Driver/Src/stm32f4xx_ll_usb.o
                0x000000000800628a                USB_ReadPacket
 .text.USB_EPSetStall
                0x000000000800633a       0xdc ./Drivers/STM32F4xx_HAL_Driver/Src/stm32f4xx_ll_usb.o
                0x000000000800633a                USB_EPSetStall
 .text.USB_EPClearStall
                0x0000000008006416       0xcc ./Drivers/STM32F4xx_HAL_Driver/Src/stm32f4xx_ll_usb.o
                0x0000000008006416                USB_EPClearStall
 .text.USB_SetDevAddress
                0x00000000080064e2       0x4c ./Drivers/STM32F4xx_HAL_Driver/Src/stm32f4xx_ll_usb.o
                0x00000000080064e2                USB_SetDevAddress
 .text.USB_DevConnect
                0x000000000800652e       0x42 ./Drivers/STM32F4xx_HAL_Driver/Src/stm32f4xx_ll_usb.o
                0x000000000800652e                USB_DevConnect
 .text.USB_DevDisconnect
                0x0000000008006570       0x42 ./Drivers/STM32F4xx_HAL_Driver/Src/stm32f4xx_ll_usb.o
                0x0000000008006570                USB_DevDisconnect
 .text.USB_ReadInterrupts
                0x00000000080065b2       0x26 ./Drivers/STM32F4xx_HAL_Driver/Src/stm32f4xx_ll_usb.o
                0x00000000080065b2                USB_ReadInterrupts
 .text.USB_ReadDevAllOutEpInterrupt
                0x00000000080065d8       0x34 ./Drivers/STM32F4xx_HAL_Driver/Src/stm32f4xx_ll_usb.o
                0x00000000080065d8                USB_ReadDevAllOutEpInterrupt
 .text.USB_ReadDevAllInEpInterrupt
                0x000000000800660c       0x34 ./Drivers/STM32F4xx_HAL_Driver/Src/stm32f4xx_ll_usb.o
                0x000000000800660c                USB_ReadDevAllInEpInterrupt
 .text.USB_ReadDevOutEPInterrupt
                0x0000000008006640       0x3c ./Drivers/STM32F4xx_HAL_Driver/Src/stm32f4xx_ll_usb.o
                0x0000000008006640                USB_ReadDevOutEPInterrupt
 .text.USB_ReadDevInEPInterrupt
                0x000000000800667c       0x5c ./Drivers/STM32F4xx_HAL_Driver/Src/stm32f4xx_ll_usb.o
                0x000000000800667c                USB_ReadDevInEPInterrupt
 .text.USB_GetMode
                0x00000000080066d8       0x1c ./Drivers/STM32F4xx_HAL_Driver/Src/stm32f4xx_ll_usb.o
                0x00000000080066d8                USB_GetMode
 .text.USB_ActivateSetup
                0x00000000080066f4       0x46 ./Drivers/STM32F4xx_HAL_Driver/Src/stm32f4xx_ll_usb.o
                0x00000000080066f4                USB_ActivateSetup
 *fill*         0x000000000800673a        0x2 
 .text.USB_EP0_OutStart
                0x000000000800673c       0xbc ./Drivers/STM32F4xx_HAL_Driver/Src/stm32f4xx_ll_usb.o
                0x000000000800673c                USB_EP0_OutStart
 .text.USB_CoreReset
                0x00000000080067f8       0x64 ./Drivers/STM32F4xx_HAL_Driver/Src/stm32f4xx_ll_usb.o
 .text.USBD_CDC_Init
                0x000000000800685c       0xfe ./Middlewares/ST/STM32_USB_Device_Library/Class/CDC/Src/usbd_cdc.o
 .text.USBD_CDC_DeInit
                0x000000000800695a       0x74 ./Middlewares/ST/STM32_USB_Device_Library/Class/CDC/Src/usbd_cdc.o
 *fill*         0x00000000080069ce        0x2 
 .text.USBD_CDC_Setup
                0x00000000080069d0      0x190 ./Middlewares/ST/STM32_USB_Device_Library/Class/CDC/Src/usbd_cdc.o
 .text.USBD_CDC_DataIn
                0x0000000008006b60       0xca ./Middlewares/ST/STM32_USB_Device_Library/Class/CDC/Src/usbd_cdc.o
 .text.USBD_CDC_DataOut
                0x0000000008006c2a       0x56 ./Middlewares/ST/STM32_USB_Device_Library/Class/CDC/Src/usbd_cdc.o
 .text.USBD_CDC_EP0_RxReady
                0x0000000008006c80       0x5a ./Middlewares/ST/STM32_USB_Device_Library/Class/CDC/Src/usbd_cdc.o
 *fill*         0x0000000008006cda        0x2 
 .text.USBD_CDC_GetFSCfgDesc
                0x0000000008006cdc       0x20 ./Middlewares/ST/STM32_USB_Device_Library/Class/CDC/Src/usbd_cdc.o
 .text.USBD_CDC_GetHSCfgDesc
                0x0000000008006cfc       0x20 ./Middlewares/ST/STM32_USB_Device_Library/Class/CDC/Src/usbd_cdc.o
 .text.USBD_CDC_GetOtherSpeedCfgDesc
                0x0000000008006d1c       0x20 ./Middlewares/ST/STM32_USB_Device_Library/Class/CDC/Src/usbd_cdc.o
 .text.USBD_CDC_GetDeviceQualifierDescriptor
                0x0000000008006d3c       0x20 ./Middlewares/ST/STM32_USB_Device_Library/Class/CDC/Src/usbd_cdc.o
                0x0000000008006d3c                USBD_CDC_GetDeviceQualifierDescriptor
 .text.USBD_CDC_RegisterInterface
                0x0000000008006d5c       0x2a ./Middlewares/ST/STM32_USB_Device_Library/Class/CDC/Src/usbd_cdc.o
                0x0000000008006d5c                USBD_CDC_RegisterInterface
 .text.USBD_CDC_SetTxBuffer
                0x0000000008006d86       0x3c ./Middlewares/ST/STM32_USB_Device_Library/Class/CDC/Src/usbd_cdc.o
                0x0000000008006d86                USBD_CDC_SetTxBuffer
 .text.USBD_CDC_SetRxBuffer
                0x0000000008006dc2       0x32 ./Middlewares/ST/STM32_USB_Device_Library/Class/CDC/Src/usbd_cdc.o
                0x0000000008006dc2                USBD_CDC_SetRxBuffer
 .text.USBD_CDC_TransmitPacket
                0x0000000008006df4       0x60 ./Middlewares/ST/STM32_USB_Device_Library/Class/CDC/Src/usbd_cdc.o
                0x0000000008006df4                USBD_CDC_TransmitPacket
 .text.USBD_CDC_ReceivePacket
                0x0000000008006e54       0x54 ./Middlewares/ST/STM32_USB_Device_Library/Class/CDC/Src/usbd_cdc.o
                0x0000000008006e54                USBD_CDC_ReceivePacket
 .text.USBD_Init
                0x0000000008006ea8       0x60 ./Middlewares/ST/STM32_USB_Device_Library/Core/Src/usbd_core.o
                0x0000000008006ea8                USBD_Init
 .text.USBD_RegisterClass
                0x0000000008006f08       0x4e ./Middlewares/ST/STM32_USB_Device_Library/Core/Src/usbd_core.o
                0x0000000008006f08                USBD_RegisterClass
 .text.USBD_Start
                0x0000000008006f56       0x18 ./Middlewares/ST/STM32_USB_Device_Library/Core/Src/usbd_core.o
                0x0000000008006f56                USBD_Start
 .text.USBD_RunTestMode
                0x0000000008006f6e       0x16 ./Middlewares/ST/STM32_USB_Device_Library/Core/Src/usbd_core.o
                0x0000000008006f6e                USBD_RunTestMode
 .text.USBD_SetClassConfig
                0x0000000008006f84       0x38 ./Middlewares/ST/STM32_USB_Device_Library/Core/Src/usbd_core.o
                0x0000000008006f84                USBD_SetClassConfig
 .text.USBD_ClrClassConfig
                0x0000000008006fbc       0x30 ./Middlewares/ST/STM32_USB_Device_Library/Core/Src/usbd_core.o
                0x0000000008006fbc                USBD_ClrClassConfig
 .text.USBD_LL_SetupStage
                0x0000000008006fec       0xaa ./Middlewares/ST/STM32_USB_Device_Library/Core/Src/usbd_core.o
                0x0000000008006fec                USBD_LL_SetupStage
 .text.USBD_LL_DataOutStage
                0x0000000008007096       0xc6 ./Middlewares/ST/STM32_USB_Device_Library/Core/Src/usbd_core.o
                0x0000000008007096                USBD_LL_DataOutStage
 .text.USBD_LL_DataInStage
                0x000000000800715c      0x12c ./Middlewares/ST/STM32_USB_Device_Library/Core/Src/usbd_core.o
                0x000000000800715c                USBD_LL_DataInStage
 .text.USBD_LL_Reset
                0x0000000008007288       0x9c ./Middlewares/ST/STM32_USB_Device_Library/Core/Src/usbd_core.o
                0x0000000008007288                USBD_LL_Reset
 .text.USBD_LL_SetSpeed
                0x0000000008007324       0x20 ./Middlewares/ST/STM32_USB_Device_Library/Core/Src/usbd_core.o
                0x0000000008007324                USBD_LL_SetSpeed
 .text.USBD_LL_Suspend
                0x0000000008007344       0x2c ./Middlewares/ST/STM32_USB_Device_Library/Core/Src/usbd_core.o
                0x0000000008007344                USBD_LL_Suspend
 .text.USBD_LL_Resume
                0x0000000008007370       0x30 ./Middlewares/ST/STM32_USB_Device_Library/Core/Src/usbd_core.o
                0x0000000008007370                USBD_LL_Resume
 .text.USBD_LL_SOF
                0x00000000080073a0       0x44 ./Middlewares/ST/STM32_USB_Device_Library/Core/Src/usbd_core.o
                0x00000000080073a0                USBD_LL_SOF
 .text.USBD_LL_IsoINIncomplete
                0x00000000080073e4       0x4c ./Middlewares/ST/STM32_USB_Device_Library/Core/Src/usbd_core.o
                0x00000000080073e4                USBD_LL_IsoINIncomplete
 .text.USBD_LL_IsoOUTIncomplete
                0x0000000008007430       0x4c ./Middlewares/ST/STM32_USB_Device_Library/Core/Src/usbd_core.o
                0x0000000008007430                USBD_LL_IsoOUTIncomplete
 .text.USBD_LL_DevConnected
                0x000000000800747c       0x16 ./Middlewares/ST/STM32_USB_Device_Library/Core/Src/usbd_core.o
                0x000000000800747c                USBD_LL_DevConnected
 .text.USBD_LL_DevDisconnected
                0x0000000008007492       0x38 ./Middlewares/ST/STM32_USB_Device_Library/Core/Src/usbd_core.o
                0x0000000008007492                USBD_LL_DevDisconnected
 .text.SWAPBYTE
                0x00000000080074ca       0x3c ./Middlewares/ST/STM32_USB_Device_Library/Core/Src/usbd_ctlreq.o
 *fill*         0x0000000008007506        0x2 
 .text.USBD_StdDevReq
                0x0000000008007508       0xdc ./Middlewares/ST/STM32_USB_Device_Library/Core/Src/usbd_ctlreq.o
                0x0000000008007508                USBD_StdDevReq
 .text.USBD_StdItfReq
                0x00000000080075e4       0x92 ./Middlewares/ST/STM32_USB_Device_Library/Core/Src/usbd_ctlreq.o
                0x00000000080075e4                USBD_StdItfReq
 .text.USBD_StdEPReq
                0x0000000008007676      0x2c4 ./Middlewares/ST/STM32_USB_Device_Library/Core/Src/usbd_ctlreq.o
                0x0000000008007676                USBD_StdEPReq
 *fill*         0x000000000800793a        0x2 
 .text.USBD_GetDescriptor
                0x000000000800793c      0x2d4 ./Middlewares/ST/STM32_USB_Device_Library/Core/Src/usbd_ctlreq.o
 .text.USBD_SetAddress
                0x0000000008007c10       0x88 ./Middlewares/ST/STM32_USB_Device_Library/Core/Src/usbd_ctlreq.o
 .text.USBD_SetConfig
                0x0000000008007c98      0x14c ./Middlewares/ST/STM32_USB_Device_Library/Core/Src/usbd_ctlreq.o
 .text.USBD_GetConfig
                0x0000000008007de4       0x6c ./Middlewares/ST/STM32_USB_Device_Library/Core/Src/usbd_ctlreq.o
 .text.USBD_GetStatus
                0x0000000008007e50       0x68 ./Middlewares/ST/STM32_USB_Device_Library/Core/Src/usbd_ctlreq.o
 .text.USBD_SetFeature
                0x0000000008007eb8       0x28 ./Middlewares/ST/STM32_USB_Device_Library/Core/Src/usbd_ctlreq.o
 .text.USBD_ClrFeature
                0x0000000008007ee0       0x44 ./Middlewares/ST/STM32_USB_Device_Library/Core/Src/usbd_ctlreq.o
 .text.USBD_ParseSetupRequest
                0x0000000008007f24       0x74 ./Middlewares/ST/STM32_USB_Device_Library/Core/Src/usbd_ctlreq.o
                0x0000000008007f24                USBD_ParseSetupRequest
 .text.USBD_CtlError
                0x0000000008007f98       0x22 ./Middlewares/ST/STM32_USB_Device_Library/Core/Src/usbd_ctlreq.o
                0x0000000008007f98                USBD_CtlError
 .text.USBD_GetString
                0x0000000008007fba       0x8c ./Middlewares/ST/STM32_USB_Device_Library/Core/Src/usbd_ctlreq.o
                0x0000000008007fba                USBD_GetString
 .text.USBD_GetLen
                0x0000000008008046       0x34 ./Middlewares/ST/STM32_USB_Device_Library/Core/Src/usbd_ctlreq.o
 .text.USBD_CtlSendData
                0x000000000800807a       0x36 ./Middlewares/ST/STM32_USB_Device_Library/Core/Src/usbd_ioreq.o
                0x000000000800807a                USBD_CtlSendData
 .text.USBD_CtlContinueSendData
                0x00000000080080b0       0x22 ./Middlewares/ST/STM32_USB_Device_Library/Core/Src/usbd_ioreq.o
                0x00000000080080b0                USBD_CtlContinueSendData
 .text.USBD_CtlPrepareRx
                0x00000000080080d2       0x3a ./Middlewares/ST/STM32_USB_Device_Library/Core/Src/usbd_ioreq.o
                0x00000000080080d2                USBD_CtlPrepareRx
 .text.USBD_CtlContinueRx
                0x000000000800810c       0x22 ./Middlewares/ST/STM32_USB_Device_Library/Core/Src/usbd_ioreq.o
                0x000000000800810c                USBD_CtlContinueRx
 .text.USBD_CtlSendStatus
                0x000000000800812e       0x26 ./Middlewares/ST/STM32_USB_Device_Library/Core/Src/usbd_ioreq.o
                0x000000000800812e                USBD_CtlSendStatus
 .text.USBD_CtlReceiveStatus
                0x0000000008008154       0x26 ./Middlewares/ST/STM32_USB_Device_Library/Core/Src/usbd_ioreq.o
                0x0000000008008154                USBD_CtlReceiveStatus
 *fill*         0x000000000800817a        0x2 
 .text.MX_USB_DEVICE_Init
                0x000000000800817c       0x60 ./USB_DEVICE/App/usb_device.o
                0x000000000800817c                MX_USB_DEVICE_Init
 .text.CDC_Init_FS
                0x00000000080081dc       0x28 ./USB_DEVICE/App/usbd_cdc_if.o
 .text.CDC_DeInit_FS
                0x0000000008008204       0x10 ./USB_DEVICE/App/usbd_cdc_if.o
 .text.CDC_Control_FS
                0x0000000008008214       0xbc ./USB_DEVICE/App/usbd_cdc_if.o
 .text.CDC_Receive_FS
                0x00000000080082d0       0x5c ./USB_DEVICE/App/usbd_cdc_if.o
 .text.CDC_Transmit_FS
                0x000000000800832c       0x4c ./USB_DEVICE/App/usbd_cdc_if.o
                0x000000000800832c                CDC_Transmit_FS
 .text.CDC_TransmitCplt_FS
                0x0000000008008378       0x22 ./USB_DEVICE/App/usbd_cdc_if.o
 *fill*         0x000000000800839a        0x2 
 .text.USBD_FS_DeviceDescriptor
                0x000000000800839c       0x24 ./USB_DEVICE/App/usbd_desc.o
                0x000000000800839c                USBD_FS_DeviceDescriptor
 .text.USBD_FS_LangIDStrDescriptor
                0x00000000080083c0       0x24 ./USB_DEVICE/App/usbd_desc.o
                0x00000000080083c0                USBD_FS_LangIDStrDescriptor
 .text.USBD_FS_ProductStrDescriptor
                0x00000000080083e4       0x3c ./USB_DEVICE/App/usbd_desc.o
                0x00000000080083e4                USBD_FS_ProductStrDescriptor
 .text.USBD_FS_ManufacturerStrDescriptor
                0x0000000008008420       0x28 ./USB_DEVICE/App/usbd_desc.o
                0x0000000008008420                USBD_FS_ManufacturerStrDescriptor
 .text.USBD_FS_SerialStrDescriptor
                0x0000000008008448       0x24 ./USB_DEVICE/App/usbd_desc.o
                0x0000000008008448                USBD_FS_SerialStrDescriptor
 .text.USBD_FS_ConfigStrDescriptor
                0x000000000800846c       0x3c ./USB_DEVICE/App/usbd_desc.o
                0x000000000800846c                USBD_FS_ConfigStrDescriptor
 .text.USBD_FS_InterfaceStrDescriptor
                0x00000000080084a8       0x3c ./USB_DEVICE/App/usbd_desc.o
                0x00000000080084a8                USBD_FS_InterfaceStrDescriptor
 .text.Get_SerialNum
                0x00000000080084e4       0x58 ./USB_DEVICE/App/usbd_desc.o
 .text.IntToUnicode
                0x000000000800853c       0x7e ./USB_DEVICE/App/usbd_desc.o
 *fill*         0x00000000080085ba        0x2 
 .text.HAL_PCD_MspInit
                0x00000000080085bc       0xa8 ./USB_DEVICE/Target/usbd_conf.o
                0x00000000080085bc                HAL_PCD_MspInit
 .text.HAL_PCD_SetupStageCallback
                0x0000000008008664       0x24 ./USB_DEVICE/Target/usbd_conf.o
                0x0000000008008664                HAL_PCD_SetupStageCallback
 .text.HAL_PCD_DataOutStageCallback
                0x0000000008008688       0x36 ./USB_DEVICE/Target/usbd_conf.o
                0x0000000008008688                HAL_PCD_DataOutStageCallback
 .text.HAL_PCD_DataInStageCallback
                0x00000000080086be       0x34 ./USB_DEVICE/Target/usbd_conf.o
                0x00000000080086be                HAL_PCD_DataInStageCallback
 .text.HAL_PCD_SOFCallback
                0x00000000080086f2       0x1c ./USB_DEVICE/Target/usbd_conf.o
                0x00000000080086f2                HAL_PCD_SOFCallback
 .text.HAL_PCD_ResetCallback
                0x000000000800870e       0x50 ./USB_DEVICE/Target/usbd_conf.o
                0x000000000800870e                HAL_PCD_ResetCallback
 *fill*         0x000000000800875e        0x2 
 .text.HAL_PCD_SuspendCallback
                0x0000000008008760       0x4c ./USB_DEVICE/Target/usbd_conf.o
                0x0000000008008760                HAL_PCD_SuspendCallback
 .text.HAL_PCD_ResumeCallback
                0x00000000080087ac       0x1c ./USB_DEVICE/Target/usbd_conf.o
                0x00000000080087ac                HAL_PCD_ResumeCallback
 .text.HAL_PCD_ISOOUTIncompleteCallback
                0x00000000080087c8       0x24 ./USB_DEVICE/Target/usbd_conf.o
                0x00000000080087c8                HAL_PCD_ISOOUTIncompleteCallback
 .text.HAL_PCD_ISOINIncompleteCallback
                0x00000000080087ec       0x24 ./USB_DEVICE/Target/usbd_conf.o
                0x00000000080087ec                HAL_PCD_ISOINIncompleteCallback
 .text.HAL_PCD_ConnectCallback
                0x0000000008008810       0x1c ./USB_DEVICE/Target/usbd_conf.o
                0x0000000008008810                HAL_PCD_ConnectCallback
 .text.HAL_PCD_DisconnectCallback
                0x000000000800882c       0x1c ./USB_DEVICE/Target/usbd_conf.o
                0x000000000800882c                HAL_PCD_DisconnectCallback
 .text.USBD_LL_Init
                0x0000000008008848       0x98 ./USB_DEVICE/Target/usbd_conf.o
                0x0000000008008848                USBD_LL_Init
 .text.USBD_LL_Start
                0x00000000080088e0       0x36 ./USB_DEVICE/Target/usbd_conf.o
                0x00000000080088e0                USBD_LL_Start
 .text.USBD_LL_OpenEP
                0x0000000008008916       0x4c ./USB_DEVICE/Target/usbd_conf.o
                0x0000000008008916                USBD_LL_OpenEP
 .text.USBD_LL_CloseEP
                0x0000000008008962       0x3e ./USB_DEVICE/Target/usbd_conf.o
                0x0000000008008962                USBD_LL_CloseEP
 .text.USBD_LL_StallEP
                0x00000000080089a0       0x3e ./USB_DEVICE/Target/usbd_conf.o
                0x00000000080089a0                USBD_LL_StallEP
 .text.USBD_LL_ClearStallEP
                0x00000000080089de       0x3e ./USB_DEVICE/Target/usbd_conf.o
                0x00000000080089de                USBD_LL_ClearStallEP
 .text.USBD_LL_IsStallEP
                0x0000000008008a1c       0x58 ./USB_DEVICE/Target/usbd_conf.o
                0x0000000008008a1c                USBD_LL_IsStallEP
 .text.USBD_LL_SetUSBAddress
                0x0000000008008a74       0x3e ./USB_DEVICE/Target/usbd_conf.o
                0x0000000008008a74                USBD_LL_SetUSBAddress
 .text.USBD_LL_Transmit
                0x0000000008008ab2       0x42 ./USB_DEVICE/Target/usbd_conf.o
                0x0000000008008ab2                USBD_LL_Transmit
 .text.USBD_LL_PrepareReceive
                0x0000000008008af4       0x42 ./USB_DEVICE/Target/usbd_conf.o
                0x0000000008008af4                USBD_LL_PrepareReceive
 .text.USBD_LL_GetRxDataSize
                0x0000000008008b36       0x26 ./USB_DEVICE/Target/usbd_conf.o
                0x0000000008008b36                USBD_LL_GetRxDataSize
 .text.USBD_static_malloc
                0x0000000008008b5c       0x1c ./USB_DEVICE/Target/usbd_conf.o
                0x0000000008008b5c                USBD_static_malloc
 .text.USBD_static_free
                0x0000000008008b78       0x14 ./USB_DEVICE/Target/usbd_conf.o
                0x0000000008008b78                USBD_static_free
 .text.USBD_Get_USB_Status
                0x0000000008008b8c       0x58 ./USB_DEVICE/Target/usbd_conf.o
                0x0000000008008b8c                USBD_Get_USB_Status
 .text.__libc_init_array
                0x0000000008008be4       0x48 c:/st/stm32cubeide_1.7.0/stm32cubeide/plugins/com.st.stm32cube.ide.mcu.externaltools.gnu-tools-for-stm32.9-2020-q2-update.win32_2.0.0.202105311346/tools/bin/../lib/gcc/arm-none-eabi/9.3.1/../../../../arm-none-eabi/lib/thumb/v7e-m+fp/hard\libc_nano.a(lib_a-init.o)
                0x0000000008008be4                __libc_init_array
 .text.memcpy   0x0000000008008c2c       0x1c c:/st/stm32cubeide_1.7.0/stm32cubeide/plugins/com.st.stm32cube.ide.mcu.externaltools.gnu-tools-for-stm32.9-2020-q2-update.win32_2.0.0.202105311346/tools/bin/../lib/gcc/arm-none-eabi/9.3.1/../../../../arm-none-eabi/lib/thumb/v7e-m+fp/hard\libc_nano.a(lib_a-memcpy-stub.o)
                0x0000000008008c2c                memcpy
 .text.memset   0x0000000008008c48       0x10 c:/st/stm32cubeide_1.7.0/stm32cubeide/plugins/com.st.stm32cube.ide.mcu.externaltools.gnu-tools-for-stm32.9-2020-q2-update.win32_2.0.0.202105311346/tools/bin/../lib/gcc/arm-none-eabi/9.3.1/../../../../arm-none-eabi/lib/thumb/v7e-m+fp/hard\libc_nano.a(lib_a-memset.o)
                0x0000000008008c48                memset
 *(.glue_7)
 .glue_7        0x0000000008008c58        0x0 linker stubs
 *(.glue_7t)
 .glue_7t       0x0000000008008c58        0x0 linker stubs
 *(.eh_frame)
 .eh_frame      0x0000000008008c58        0x0 c:/st/stm32cubeide_1.7.0/stm32cubeide/plugins/com.st.stm32cube.ide.mcu.externaltools.gnu-tools-for-stm32.9-2020-q2-update.win32_2.0.0.202105311346/tools/bin/../lib/gcc/arm-none-eabi/9.3.1/thumb/v7e-m+fp/hard/crtbegin.o
 *(.init)
 .init          0x0000000008008c58        0x4 c:/st/stm32cubeide_1.7.0/stm32cubeide/plugins/com.st.stm32cube.ide.mcu.externaltools.gnu-tools-for-stm32.9-2020-q2-update.win32_2.0.0.202105311346/tools/bin/../lib/gcc/arm-none-eabi/9.3.1/thumb/v7e-m+fp/hard/crti.o
                0x0000000008008c58                _init
 .init          0x0000000008008c5c        0x8 c:/st/stm32cubeide_1.7.0/stm32cubeide/plugins/com.st.stm32cube.ide.mcu.externaltools.gnu-tools-for-stm32.9-2020-q2-update.win32_2.0.0.202105311346/tools/bin/../lib/gcc/arm-none-eabi/9.3.1/thumb/v7e-m+fp/hard/crtn.o
 *(.fini)
 .fini          0x0000000008008c64        0x4 c:/st/stm32cubeide_1.7.0/stm32cubeide/plugins/com.st.stm32cube.ide.mcu.externaltools.gnu-tools-for-stm32.9-2020-q2-update.win32_2.0.0.202105311346/tools/bin/../lib/gcc/arm-none-eabi/9.3.1/thumb/v7e-m+fp/hard/crti.o
                0x0000000008008c64                _fini
 .fini          0x0000000008008c68        0x8 c:/st/stm32cubeide_1.7.0/stm32cubeide/plugins/com.st.stm32cube.ide.mcu.externaltools.gnu-tools-for-stm32.9-2020-q2-update.win32_2.0.0.202105311346/tools/bin/../lib/gcc/arm-none-eabi/9.3.1/thumb/v7e-m+fp/hard/crtn.o
                0x0000000008008c70                . = ALIGN (0x4)
                0x0000000008008c70                _etext = .

.vfp11_veneer   0x0000000008008c70        0x0
 .vfp11_veneer  0x0000000008008c70        0x0 linker stubs

.v4_bx          0x0000000008008c70        0x0
 .v4_bx         0x0000000008008c70        0x0 linker stubs

.iplt           0x0000000008008c70        0x0
 .iplt          0x0000000008008c70        0x0 c:/st/stm32cubeide_1.7.0/stm32cubeide/plugins/com.st.stm32cube.ide.mcu.externaltools.gnu-tools-for-stm32.9-2020-q2-update.win32_2.0.0.202105311346/tools/bin/../lib/gcc/arm-none-eabi/9.3.1/thumb/v7e-m+fp/hard/crtbegin.o

.rodata         0x0000000008008c70       0x44
                0x0000000008008c70                . = ALIGN (0x4)
 *(.rodata)
 .rodata        0x0000000008008c70       0x32 ./USB_DEVICE/App/usbd_desc.o
 *(.rodata*)
 *fill*         0x0000000008008ca2        0x2 
 .rodata.AHBPrescTable
                0x0000000008008ca4       0x10 ./Core/Src/system_stm32f4xx.o
                0x0000000008008ca4                AHBPrescTable
                0x0000000008008cb4                . = ALIGN (0x4)

.ARM.extab      0x0000000008008cb4        0x0
                0x0000000008008cb4                . = ALIGN (0x4)
 *(.ARM.extab* .gnu.linkonce.armextab.*)
                0x0000000008008cb4                . = ALIGN (0x4)

.ARM            0x0000000008008cb4        0x8
                0x0000000008008cb4                . = ALIGN (0x4)
                0x0000000008008cb4                __exidx_start = .
 *(.ARM.exidx*)
 .ARM.exidx     0x0000000008008cb4        0x8 c:/st/stm32cubeide_1.7.0/stm32cubeide/plugins/com.st.stm32cube.ide.mcu.externaltools.gnu-tools-for-stm32.9-2020-q2-update.win32_2.0.0.202105311346/tools/bin/../lib/gcc/arm-none-eabi/9.3.1/thumb/v7e-m+fp/hard\libgcc.a(_udivmoddi4.o)
                0x0000000008008cbc                __exidx_end = .
                0x0000000008008cbc                . = ALIGN (0x4)

.rel.dyn        0x0000000008008cbc        0x0
 .rel.iplt      0x0000000008008cbc        0x0 c:/st/stm32cubeide_1.7.0/stm32cubeide/plugins/com.st.stm32cube.ide.mcu.externaltools.gnu-tools-for-stm32.9-2020-q2-update.win32_2.0.0.202105311346/tools/bin/../lib/gcc/arm-none-eabi/9.3.1/thumb/v7e-m+fp/hard/crtbegin.o

.preinit_array  0x0000000008008cbc        0x0
                0x0000000008008cbc                . = ALIGN (0x4)
                0x0000000008008cbc                PROVIDE (__preinit_array_start = .)
 *(.preinit_array*)
                0x0000000008008cbc                PROVIDE (__preinit_array_end = .)
                0x0000000008008cbc                . = ALIGN (0x4)

.init_array     0x0000000008008cbc        0x4
                0x0000000008008cbc                . = ALIGN (0x4)
                0x0000000008008cbc                PROVIDE (__init_array_start = .)
 *(SORT_BY_NAME(.init_array.*))
 *(.init_array*)
 .init_array    0x0000000008008cbc        0x4 c:/st/stm32cubeide_1.7.0/stm32cubeide/plugins/com.st.stm32cube.ide.mcu.externaltools.gnu-tools-for-stm32.9-2020-q2-update.win32_2.0.0.202105311346/tools/bin/../lib/gcc/arm-none-eabi/9.3.1/thumb/v7e-m+fp/hard/crtbegin.o
                0x0000000008008cc0                PROVIDE (__init_array_end = .)
                0x0000000008008cc0                . = ALIGN (0x4)

.fini_array     0x0000000008008cc0        0x4
                0x0000000008008cc0                . = ALIGN (0x4)
                [!provide]                        PROVIDE (__fini_array_start = .)
 *(SORT_BY_NAME(.fini_array.*))
 *(.fini_array*)
 .fini_array    0x0000000008008cc0        0x4 c:/st/stm32cubeide_1.7.0/stm32cubeide/plugins/com.st.stm32cube.ide.mcu.externaltools.gnu-tools-for-stm32.9-2020-q2-update.win32_2.0.0.202105311346/tools/bin/../lib/gcc/arm-none-eabi/9.3.1/thumb/v7e-m+fp/hard/crtbegin.o
                [!provide]                        PROVIDE (__fini_array_end = .)
                0x0000000008008cc4                . = ALIGN (0x4)
                0x0000000008008cc4                _sidata = LOADADDR (.data)

.data           0x0000000020000000      0x1d0 load address 0x0000000008008cc4
                0x0000000020000000                . = ALIGN (0x4)
                0x0000000020000000                _sdata = .
 *(.data)
 *(.data*)
 .data.ADC_Resolution
                0x0000000020000000        0x4 ./Core/Src/Data_Acquisition_Module.o
                0x0000000020000000                ADC_Resolution
 .data.ADC_U_Ref
                0x0000000020000004        0x4 ./Core/Src/Data_Acquisition_Module.o
                0x0000000020000004                ADC_U_Ref
 .data.I_TXunit
                0x0000000020000008        0x8 ./Core/Src/Data_Acquisition_Module.o
                0x0000000020000008                I_TXunit
 .data.U_TXunit
                0x0000000020000010        0x8 ./Core/Src/Data_Acquisition_Module.o
                0x0000000020000010                U_TXunit
 .data.t_TXunit
                0x0000000020000018        0x8 ./Core/Src/Data_Acquisition_Module.o
                0x0000000020000018                t_TXunit
 .data.I_TX_1st_byte
                0x0000000020000020        0x8 ./Core/Src/Data_Acquisition_Module.o
                0x0000000020000020                I_TX_1st_byte
 .data.U_TX_1st_byte
                0x0000000020000028        0x8 ./Core/Src/Data_Acquisition_Module.o
                0x0000000020000028                U_TX_1st_byte
 .data.t_TX_1st_byte
                0x0000000020000030        0x8 ./Core/Src/Data_Acquisition_Module.o
                0x0000000020000030                t_TX_1st_byte
 .data.dI_dUADC
                0x0000000020000038        0x8 ./Core/Src/Data_Acquisition_Module.o
                0x0000000020000038                dI_dUADC
 .data.dU_dUADC
                0x0000000020000040        0x8 ./Core/Src/Data_Acquisition_Module.o
                0x0000000020000040                dU_dUADC
 .data.dt_dUADC
                0x0000000020000048        0x8 ./Core/Src/Data_Acquisition_Module.o
                0x0000000020000048                dt_dUADC
 .data.SystemCoreClock
                0x0000000020000050        0x4 ./Core/Src/system_stm32f4xx.o
                0x0000000020000050                SystemCoreClock
 .data.uwTickPrio
                0x0000000020000054        0x4 ./Drivers/STM32F4xx_HAL_Driver/Src/stm32f4xx_hal.o
                0x0000000020000054                uwTickPrio
 .data.uwTickFreq
                0x0000000020000058        0x1 ./Drivers/STM32F4xx_HAL_Driver/Src/stm32f4xx_hal.o
                0x0000000020000058                uwTickFreq
 *fill*         0x0000000020000059        0x3 
 .data.USBD_CDC_DeviceQualifierDesc
                0x000000002000005c        0xa ./Middlewares/ST/STM32_USB_Device_Library/Class/CDC/Src/usbd_cdc.o
 *fill*         0x0000000020000066        0x2 
 .data.USBD_CDC
                0x0000000020000068       0x38 ./Middlewares/ST/STM32_USB_Device_Library/Class/CDC/Src/usbd_cdc.o
                0x0000000020000068                USBD_CDC
 .data.USBD_CDC_CfgHSDesc
                0x00000000200000a0       0x43 ./Middlewares/ST/STM32_USB_Device_Library/Class/CDC/Src/usbd_cdc.o
 *fill*         0x00000000200000e3        0x1 
 .data.USBD_CDC_CfgFSDesc
                0x00000000200000e4       0x43 ./Middlewares/ST/STM32_USB_Device_Library/Class/CDC/Src/usbd_cdc.o
 *fill*         0x0000000020000127        0x1 
 .data.USBD_CDC_OtherSpeedCfgDesc
                0x0000000020000128       0x43 ./Middlewares/ST/STM32_USB_Device_Library/Class/CDC/Src/usbd_cdc.o
 *fill*         0x000000002000016b        0x1 
 .data.USBD_Interface_fops_FS
                0x000000002000016c       0x14 ./USB_DEVICE/App/usbd_cdc_if.o
                0x000000002000016c                USBD_Interface_fops_FS
 .data.FS_Desc  0x0000000020000180       0x1c ./USB_DEVICE/App/usbd_desc.o
                0x0000000020000180                FS_Desc
 .data.USBD_FS_DeviceDesc
                0x000000002000019c       0x12 ./USB_DEVICE/App/usbd_desc.o
                0x000000002000019c                USBD_FS_DeviceDesc
 *fill*         0x00000000200001ae        0x2 
 .data.USBD_LangIDDesc
                0x00000000200001b0        0x4 ./USB_DEVICE/App/usbd_desc.o
                0x00000000200001b0                USBD_LangIDDesc
 .data.USBD_StringSerial
                0x00000000200001b4       0x1a ./USB_DEVICE/App/usbd_desc.o
                0x00000000200001b4                USBD_StringSerial
 *(.RamFunc)
 *(.RamFunc*)
                0x00000000200001d0                . = ALIGN (0x4)
 *fill*         0x00000000200001ce        0x2 
                0x00000000200001d0                _edata = .
                0x0000000008008e94                _siccmram = LOADADDR (.ccmram)

.igot.plt       0x00000000200001d0        0x0 load address 0x0000000008008e94
 .igot.plt      0x00000000200001d0        0x0 c:/st/stm32cubeide_1.7.0/stm32cubeide/plugins/com.st.stm32cube.ide.mcu.externaltools.gnu-tools-for-stm32.9-2020-q2-update.win32_2.0.0.202105311346/tools/bin/../lib/gcc/arm-none-eabi/9.3.1/thumb/v7e-m+fp/hard/crtbegin.o

.ccmram         0x0000000010000000        0x0 load address 0x0000000008008e94
                0x0000000010000000                . = ALIGN (0x4)
                0x0000000010000000                _sccmram = .
 *(.ccmram)
 *(.ccmram*)
                0x0000000010000000                . = ALIGN (0x4)
                0x0000000010000000                _eccmram = .
                0x0000000010000000                . = ALIGN (0x4)

.bss            0x00000000200001d0     0x1d20
                0x00000000200001d0                _sbss = .
                0x00000000200001d0                __bss_start__ = _sbss
 *(.bss)
 .bss           0x00000000200001d0       0x1c c:/st/stm32cubeide_1.7.0/stm32cubeide/plugins/com.st.stm32cube.ide.mcu.externaltools.gnu-tools-for-stm32.9-2020-q2-update.win32_2.0.0.202105311346/tools/bin/../lib/gcc/arm-none-eabi/9.3.1/thumb/v7e-m+fp/hard/crtbegin.o
 *(.bss*)
 .bss.kk.11537  0x00000000200001ec        0x4 ./Core/Src/Data_Acquisition_Module.o
 .bss.FLAG_New_Data_Received
                0x00000000200001f0        0x4 ./Core/Src/main.o
                0x00000000200001f0                FLAG_New_Data_Received
 .bss.Timer2_Count
                0x00000000200001f4        0x4 ./Core/Src/main.o
                0x00000000200001f4                Timer2_Count
 .bss.cfgidx.10958
                0x00000000200001f8        0x1 ./Middlewares/ST/STM32_USB_Device_Library/Core/Src/usbd_ctlreq.o
 *fill*         0x00000000200001f9        0x3 
 .bss.mem.11027
                0x00000000200001fc      0x220 ./USB_DEVICE/Target/usbd_conf.o
 *(COMMON)
 COMMON         0x000000002000041c      0x1f8 ./Core/Src/main.o
                0x000000002000041c                hadc2
                0x0000000020000464                Rx_Parameters
                0x0000000020000480                Sys
                0x0000000020000498                hadc1
                0x00000000200004e0                hadc3
                0x0000000020000528                Tx_Parameters
                0x0000000020000560                Tx_Buf
                0x00000000200005a0                htim2
                0x00000000200005e8                Rx_Buf
                0x00000000200005f8                stm32ADC
 COMMON         0x0000000020000614        0x4 ./Drivers/STM32F4xx_HAL_Driver/Src/stm32f4xx_hal.o
                0x0000000020000614                uwTick
 COMMON         0x0000000020000618      0x2d0 ./USB_DEVICE/App/usb_device.o
                0x0000000020000618                hUsbDeviceFS
 COMMON         0x00000000200008e8     0x1000 ./USB_DEVICE/App/usbd_cdc_if.o
                0x00000000200008e8                UserRxBufferFS
                0x00000000200010e8                UserTxBufferFS
 COMMON         0x00000000200018e8      0x200 ./USB_DEVICE/App/usbd_desc.o
                0x00000000200018e8                USBD_StrDesc
 COMMON         0x0000000020001ae8      0x408 ./USB_DEVICE/Target/usbd_conf.o
                0x0000000020001ae8                hpcd_USB_OTG_FS
                0x0000000020001ef0                . = ALIGN (0x4)
                0x0000000020001ef0                _ebss = .
                0x0000000020001ef0                __bss_end__ = _ebss

._user_heap_stack
                0x0000000020001ef0      0x600
                0x0000000020001ef0                . = ALIGN (0x8)
                [!provide]                        PROVIDE (end = .)
                0x0000000020001ef0                PROVIDE (_end = .)
                0x00000000200020f0                . = (. + _Min_Heap_Size)
 *fill*         0x0000000020001ef0      0x200 
                0x00000000200024f0                . = (. + _Min_Stack_Size)
 *fill*         0x00000000200020f0      0x400 
                0x00000000200024f0                . = ALIGN (0x8)

/DISCARD/
 libc.a(*)
 libm.a(*)
 libgcc.a(*)

.ARM.attributes
                0x0000000000000000       0x30
 *(.ARM.attributes)
 .ARM.attributes
                0x0000000000000000       0x1e c:/st/stm32cubeide_1.7.0/stm32cubeide/plugins/com.st.stm32cube.ide.mcu.externaltools.gnu-tools-for-stm32.9-2020-q2-update.win32_2.0.0.202105311346/tools/bin/../lib/gcc/arm-none-eabi/9.3.1/thumb/v7e-m+fp/hard/crti.o
 .ARM.attributes
                0x000000000000001e       0x34 c:/st/stm32cubeide_1.7.0/stm32cubeide/plugins/com.st.stm32cube.ide.mcu.externaltools.gnu-tools-for-stm32.9-2020-q2-update.win32_2.0.0.202105311346/tools/bin/../lib/gcc/arm-none-eabi/9.3.1/thumb/v7e-m+fp/hard/crtbegin.o
 .ARM.attributes
                0x0000000000000052       0x34 ./Core/Src/Bridge.o
 .ARM.attributes
                0x0000000000000086       0x34 ./Core/Src/Data_Acquisition_Module.o
 .ARM.attributes
                0x00000000000000ba       0x34 ./Core/Src/main.o
 .ARM.attributes
                0x00000000000000ee       0x34 ./Core/Src/stm32f4xx_hal_msp.o
 .ARM.attributes
                0x0000000000000122       0x34 ./Core/Src/stm32f4xx_it.o
 .ARM.attributes
                0x0000000000000156       0x34 ./Core/Src/system_stm32f4xx.o
 .ARM.attributes
                0x000000000000018a       0x21 ./Core/Startup/startup_stm32f407vgtx.o
 .ARM.attributes
                0x00000000000001ab       0x34 ./Drivers/STM32F4xx_HAL_Driver/Src/stm32f4xx_hal.o
 .ARM.attributes
                0x00000000000001df       0x34 ./Drivers/STM32F4xx_HAL_Driver/Src/stm32f4xx_hal_adc.o
 .ARM.attributes
                0x0000000000000213       0x34 ./Drivers/STM32F4xx_HAL_Driver/Src/stm32f4xx_hal_cortex.o
 .ARM.attributes
                0x0000000000000247       0x34 ./Drivers/STM32F4xx_HAL_Driver/Src/stm32f4xx_hal_gpio.o
 .ARM.attributes
                0x000000000000027b       0x34 ./Drivers/STM32F4xx_HAL_Driver/Src/stm32f4xx_hal_pcd.o
 .ARM.attributes
                0x00000000000002af       0x34 ./Drivers/STM32F4xx_HAL_Driver/Src/stm32f4xx_hal_pcd_ex.o
 .ARM.attributes
                0x00000000000002e3       0x34 ./Drivers/STM32F4xx_HAL_Driver/Src/stm32f4xx_hal_rcc.o
 .ARM.attributes
                0x0000000000000317       0x34 ./Drivers/STM32F4xx_HAL_Driver/Src/stm32f4xx_hal_tim.o
 .ARM.attributes
                0x000000000000034b       0x34 ./Drivers/STM32F4xx_HAL_Driver/Src/stm32f4xx_hal_tim_ex.o
 .ARM.attributes
                0x000000000000037f       0x34 ./Drivers/STM32F4xx_HAL_Driver/Src/stm32f4xx_ll_usb.o
 .ARM.attributes
                0x00000000000003b3       0x34 ./Middlewares/ST/STM32_USB_Device_Library/Class/CDC/Src/usbd_cdc.o
 .ARM.attributes
                0x00000000000003e7       0x34 ./Middlewares/ST/STM32_USB_Device_Library/Core/Src/usbd_core.o
 .ARM.attributes
                0x000000000000041b       0x34 ./Middlewares/ST/STM32_USB_Device_Library/Core/Src/usbd_ctlreq.o
 .ARM.attributes
                0x000000000000044f       0x34 ./Middlewares/ST/STM32_USB_Device_Library/Core/Src/usbd_ioreq.o
 .ARM.attributes
                0x0000000000000483       0x34 ./USB_DEVICE/App/usb_device.o
 .ARM.attributes
                0x00000000000004b7       0x34 ./USB_DEVICE/App/usbd_cdc_if.o
 .ARM.attributes
                0x00000000000004eb       0x34 ./USB_DEVICE/App/usbd_desc.o
 .ARM.attributes
                0x000000000000051f       0x34 ./USB_DEVICE/Target/usbd_conf.o
 .ARM.attributes
                0x0000000000000553       0x34 c:/st/stm32cubeide_1.7.0/stm32cubeide/plugins/com.st.stm32cube.ide.mcu.externaltools.gnu-tools-for-stm32.9-2020-q2-update.win32_2.0.0.202105311346/tools/bin/../lib/gcc/arm-none-eabi/9.3.1/../../../../arm-none-eabi/lib/thumb/v7e-m+fp/hard\libc_nano.a(lib_a-init.o)
 .ARM.attributes
                0x0000000000000587       0x34 c:/st/stm32cubeide_1.7.0/stm32cubeide/plugins/com.st.stm32cube.ide.mcu.externaltools.gnu-tools-for-stm32.9-2020-q2-update.win32_2.0.0.202105311346/tools/bin/../lib/gcc/arm-none-eabi/9.3.1/../../../../arm-none-eabi/lib/thumb/v7e-m+fp/hard\libc_nano.a(lib_a-memcpy-stub.o)
 .ARM.attributes
                0x00000000000005bb       0x34 c:/st/stm32cubeide_1.7.0/stm32cubeide/plugins/com.st.stm32cube.ide.mcu.externaltools.gnu-tools-for-stm32.9-2020-q2-update.win32_2.0.0.202105311346/tools/bin/../lib/gcc/arm-none-eabi/9.3.1/../../../../arm-none-eabi/lib/thumb/v7e-m+fp/hard\libc_nano.a(lib_a-memset.o)
 .ARM.attributes
                0x00000000000005ef       0x1e c:/st/stm32cubeide_1.7.0/stm32cubeide/plugins/com.st.stm32cube.ide.mcu.externaltools.gnu-tools-for-stm32.9-2020-q2-update.win32_2.0.0.202105311346/tools/bin/../lib/gcc/arm-none-eabi/9.3.1/thumb/v7e-m+fp/hard\libgcc.a(_arm_addsubdf3.o)
 .ARM.attributes
                0x000000000000060d       0x1e c:/st/stm32cubeide_1.7.0/stm32cubeide/plugins/com.st.stm32cube.ide.mcu.externaltools.gnu-tools-for-stm32.9-2020-q2-update.win32_2.0.0.202105311346/tools/bin/../lib/gcc/arm-none-eabi/9.3.1/thumb/v7e-m+fp/hard\libgcc.a(_arm_muldivdf3.o)
 .ARM.attributes
                0x000000000000062b       0x1e c:/st/stm32cubeide_1.7.0/stm32cubeide/plugins/com.st.stm32cube.ide.mcu.externaltools.gnu-tools-for-stm32.9-2020-q2-update.win32_2.0.0.202105311346/tools/bin/../lib/gcc/arm-none-eabi/9.3.1/thumb/v7e-m+fp/hard\libgcc.a(_arm_fixdfsi.o)
 .ARM.attributes
                0x0000000000000649       0x1e c:/st/stm32cubeide_1.7.0/stm32cubeide/plugins/com.st.stm32cube.ide.mcu.externaltools.gnu-tools-for-stm32.9-2020-q2-update.win32_2.0.0.202105311346/tools/bin/../lib/gcc/arm-none-eabi/9.3.1/thumb/v7e-m+fp/hard\libgcc.a(_aeabi_uldivmod.o)
 .ARM.attributes
                0x0000000000000667       0x34 c:/st/stm32cubeide_1.7.0/stm32cubeide/plugins/com.st.stm32cube.ide.mcu.externaltools.gnu-tools-for-stm32.9-2020-q2-update.win32_2.0.0.202105311346/tools/bin/../lib/gcc/arm-none-eabi/9.3.1/thumb/v7e-m+fp/hard\libgcc.a(_udivmoddi4.o)
 .ARM.attributes
                0x000000000000069b       0x1e c:/st/stm32cubeide_1.7.0/stm32cubeide/plugins/com.st.stm32cube.ide.mcu.externaltools.gnu-tools-for-stm32.9-2020-q2-update.win32_2.0.0.202105311346/tools/bin/../lib/gcc/arm-none-eabi/9.3.1/thumb/v7e-m+fp/hard\libgcc.a(_dvmd_tls.o)
 .ARM.attributes
                0x00000000000006b9       0x1e c:/st/stm32cubeide_1.7.0/stm32cubeide/plugins/com.st.stm32cube.ide.mcu.externaltools.gnu-tools-for-stm32.9-2020-q2-update.win32_2.0.0.202105311346/tools/bin/../lib/gcc/arm-none-eabi/9.3.1/thumb/v7e-m+fp/hard/crtn.o
OUTPUT(USB_ADC_GPIO_001.elf elf32-littlearm)
LOAD linker stubs
LOAD c:/st/stm32cubeide_1.7.0/stm32cubeide/plugins/com.st.stm32cube.ide.mcu.externaltools.gnu-tools-for-stm32.9-2020-q2-update.win32_2.0.0.202105311346/tools/bin/../lib/gcc/arm-none-eabi/9.3.1/../../../../arm-none-eabi/lib/thumb/v7e-m+fp/hard\libc.a
LOAD c:/st/stm32cubeide_1.7.0/stm32cubeide/plugins/com.st.stm32cube.ide.mcu.externaltools.gnu-tools-for-stm32.9-2020-q2-update.win32_2.0.0.202105311346/tools/bin/../lib/gcc/arm-none-eabi/9.3.1/../../../../arm-none-eabi/lib/thumb/v7e-m+fp/hard\libm.a
LOAD c:/st/stm32cubeide_1.7.0/stm32cubeide/plugins/com.st.stm32cube.ide.mcu.externaltools.gnu-tools-for-stm32.9-2020-q2-update.win32_2.0.0.202105311346/tools/bin/../lib/gcc/arm-none-eabi/9.3.1/thumb/v7e-m+fp/hard\libgcc.a

.debug_info     0x0000000000000000    0x1c63f
 .debug_info    0x0000000000000000     0x176b ./Core/Src/Bridge.o
 .debug_info    0x000000000000176b     0x161a ./Core/Src/Data_Acquisition_Module.o
 .debug_info    0x0000000000002d85     0x2267 ./Core/Src/main.o
 .debug_info    0x0000000000004fec     0x1091 ./Core/Src/stm32f4xx_hal_msp.o
 .debug_info    0x000000000000607d      0xc91 ./Core/Src/stm32f4xx_it.o
 .debug_info    0x0000000000006d0e      0x5a4 ./Core/Src/system_stm32f4xx.o
 .debug_info    0x00000000000072b2       0x22 ./Core/Startup/startup_stm32f407vgtx.o
 .debug_info    0x00000000000072d4      0x9b2 ./Drivers/STM32F4xx_HAL_Driver/Src/stm32f4xx_hal.o
 .debug_info    0x0000000000007c86      0xdbc ./Drivers/STM32F4xx_HAL_Driver/Src/stm32f4xx_hal_adc.o
 .debug_info    0x0000000000008a42      0xed7 ./Drivers/STM32F4xx_HAL_Driver/Src/stm32f4xx_hal_cortex.o
 .debug_info    0x0000000000009919      0x83e ./Drivers/STM32F4xx_HAL_Driver/Src/stm32f4xx_hal_gpio.o
 .debug_info    0x000000000000a157     0x12dd ./Drivers/STM32F4xx_HAL_Driver/Src/stm32f4xx_hal_pcd.o
 .debug_info    0x000000000000b434      0x7c3 ./Drivers/STM32F4xx_HAL_Driver/Src/stm32f4xx_hal_pcd_ex.o
 .debug_info    0x000000000000bbf7      0x996 ./Drivers/STM32F4xx_HAL_Driver/Src/stm32f4xx_hal_rcc.o
 .debug_info    0x000000000000c58d     0x2c22 ./Drivers/STM32F4xx_HAL_Driver/Src/stm32f4xx_hal_tim.o
 .debug_info    0x000000000000f1af     0x15a2 ./Drivers/STM32F4xx_HAL_Driver/Src/stm32f4xx_hal_tim_ex.o
 .debug_info    0x0000000000010751     0x1ab4 ./Drivers/STM32F4xx_HAL_Driver/Src/stm32f4xx_ll_usb.o
 .debug_info    0x0000000000012205     0x198b ./Middlewares/ST/STM32_USB_Device_Library/Class/CDC/Src/usbd_cdc.o
 .debug_info    0x0000000000013b90     0x13a7 ./Middlewares/ST/STM32_USB_Device_Library/Core/Src/usbd_core.o
 .debug_info    0x0000000000014f37     0x1373 ./Middlewares/ST/STM32_USB_Device_Library/Core/Src/usbd_ctlreq.o
 .debug_info    0x00000000000162aa     0x1095 ./Middlewares/ST/STM32_USB_Device_Library/Core/Src/usbd_ioreq.o
 .debug_info    0x000000000001733f      0xffe ./USB_DEVICE/App/usb_device.o
 .debug_info    0x000000000001833d     0x1267 ./USB_DEVICE/App/usbd_cdc_if.o
 .debug_info    0x00000000000195a4      0xdfa ./USB_DEVICE/App/usbd_desc.o
 .debug_info    0x000000000001a39e     0x22a1 ./USB_DEVICE/Target/usbd_conf.o

.debug_abbrev   0x0000000000000000     0x3b03
 .debug_abbrev  0x0000000000000000      0x267 ./Core/Src/Bridge.o
 .debug_abbrev  0x0000000000000267      0x2c5 ./Core/Src/Data_Acquisition_Module.o
 .debug_abbrev  0x000000000000052c      0x330 ./Core/Src/main.o
 .debug_abbrev  0x000000000000085c      0x1f5 ./Core/Src/stm32f4xx_hal_msp.o
 .debug_abbrev  0x0000000000000a51      0x1c7 ./Core/Src/stm32f4xx_it.o
 .debug_abbrev  0x0000000000000c18      0x145 ./Core/Src/system_stm32f4xx.o
 .debug_abbrev  0x0000000000000d5d       0x12 ./Core/Startup/startup_stm32f407vgtx.o
 .debug_abbrev  0x0000000000000d6f      0x1ed ./Drivers/STM32F4xx_HAL_Driver/Src/stm32f4xx_hal.o
 .debug_abbrev  0x0000000000000f5c      0x22f ./Drivers/STM32F4xx_HAL_Driver/Src/stm32f4xx_hal_adc.o
 .debug_abbrev  0x000000000000118b      0x33c ./Drivers/STM32F4xx_HAL_Driver/Src/stm32f4xx_hal_cortex.o
 .debug_abbrev  0x00000000000014c7      0x1f1 ./Drivers/STM32F4xx_HAL_Driver/Src/stm32f4xx_hal_gpio.o
 .debug_abbrev  0x00000000000016b8      0x2a0 ./Drivers/STM32F4xx_HAL_Driver/Src/stm32f4xx_hal_pcd.o
 .debug_abbrev  0x0000000000001958      0x1fb ./Drivers/STM32F4xx_HAL_Driver/Src/stm32f4xx_hal_pcd_ex.o
 .debug_abbrev  0x0000000000001b53      0x275 ./Drivers/STM32F4xx_HAL_Driver/Src/stm32f4xx_hal_rcc.o
 .debug_abbrev  0x0000000000001dc8      0x25e ./Drivers/STM32F4xx_HAL_Driver/Src/stm32f4xx_hal_tim.o
 .debug_abbrev  0x0000000000002026      0x266 ./Drivers/STM32F4xx_HAL_Driver/Src/stm32f4xx_hal_tim_ex.o
 .debug_abbrev  0x000000000000228c      0x2a7 ./Drivers/STM32F4xx_HAL_Driver/Src/stm32f4xx_ll_usb.o
 .debug_abbrev  0x0000000000002533      0x2fc ./Middlewares/ST/STM32_USB_Device_Library/Class/CDC/Src/usbd_cdc.o
 .debug_abbrev  0x000000000000282f      0x2b7 ./Middlewares/ST/STM32_USB_Device_Library/Core/Src/usbd_core.o
 .debug_abbrev  0x0000000000002ae6      0x2fc ./Middlewares/ST/STM32_USB_Device_Library/Core/Src/usbd_ctlreq.o
 .debug_abbrev  0x0000000000002de2      0x22a ./Middlewares/ST/STM32_USB_Device_Library/Core/Src/usbd_ioreq.o
 .debug_abbrev  0x000000000000300c      0x204 ./USB_DEVICE/App/usb_device.o
 .debug_abbrev  0x0000000000003210      0x31d ./USB_DEVICE/App/usbd_cdc_if.o
 .debug_abbrev  0x000000000000352d      0x2aa ./USB_DEVICE/App/usbd_desc.o
 .debug_abbrev  0x00000000000037d7      0x32c ./USB_DEVICE/Target/usbd_conf.o

.debug_aranges  0x0000000000000000     0x1218
 .debug_aranges
                0x0000000000000000       0x58 ./Core/Src/Bridge.o
 .debug_aranges
                0x0000000000000058       0x50 ./Core/Src/Data_Acquisition_Module.o
 .debug_aranges
                0x00000000000000a8       0x60 ./Core/Src/main.o
 .debug_aranges
                0x0000000000000108       0x40 ./Core/Src/stm32f4xx_hal_msp.o
 .debug_aranges
                0x0000000000000148       0x70 ./Core/Src/stm32f4xx_it.o
 .debug_aranges
                0x00000000000001b8       0x28 ./Core/Src/system_stm32f4xx.o
 .debug_aranges
                0x00000000000001e0       0x28 ./Core/Startup/startup_stm32f407vgtx.o
 .debug_aranges
                0x0000000000000208       0xf0 ./Drivers/STM32F4xx_HAL_Driver/Src/stm32f4xx_hal.o
 .debug_aranges
                0x00000000000002f8       0xe8 ./Drivers/STM32F4xx_HAL_Driver/Src/stm32f4xx_hal_adc.o
 .debug_aranges
                0x00000000000003e0      0x118 ./Drivers/STM32F4xx_HAL_Driver/Src/stm32f4xx_hal_cortex.o
 .debug_aranges
                0x00000000000004f8       0x58 ./Drivers/STM32F4xx_HAL_Driver/Src/stm32f4xx_hal_gpio.o
 .debug_aranges
                0x0000000000000550      0x138 ./Drivers/STM32F4xx_HAL_Driver/Src/stm32f4xx_hal_pcd.o
 .debug_aranges
                0x0000000000000688       0x38 ./Drivers/STM32F4xx_HAL_Driver/Src/stm32f4xx_hal_pcd_ex.o
 .debug_aranges
                0x00000000000006c0       0x88 ./Drivers/STM32F4xx_HAL_Driver/Src/stm32f4xx_hal_rcc.o
 .debug_aranges
                0x0000000000000748      0x3d0 ./Drivers/STM32F4xx_HAL_Driver/Src/stm32f4xx_hal_tim.o
 .debug_aranges
                0x0000000000000b18      0x168 ./Drivers/STM32F4xx_HAL_Driver/Src/stm32f4xx_hal_tim_ex.o
 .debug_aranges
                0x0000000000000c80      0x198 ./Drivers/STM32F4xx_HAL_Driver/Src/stm32f4xx_ll_usb.o
 .debug_aranges
                0x0000000000000e18       0x90 ./Middlewares/ST/STM32_USB_Device_Library/Class/CDC/Src/usbd_cdc.o
 .debug_aranges
                0x0000000000000ea8       0xb8 ./Middlewares/ST/STM32_USB_Device_Library/Core/Src/usbd_core.o
 .debug_aranges
                0x0000000000000f60       0x90 ./Middlewares/ST/STM32_USB_Device_Library/Core/Src/usbd_ctlreq.o
 .debug_aranges
                0x0000000000000ff0       0x50 ./Middlewares/ST/STM32_USB_Device_Library/Core/Src/usbd_ioreq.o
 .debug_aranges
                0x0000000000001040       0x20 ./USB_DEVICE/App/usb_device.o
 .debug_aranges
                0x0000000000001060       0x48 ./USB_DEVICE/App/usbd_cdc_if.o
 .debug_aranges
                0x00000000000010a8       0x60 ./USB_DEVICE/App/usbd_desc.o
 .debug_aranges
                0x0000000000001108      0x110 ./USB_DEVICE/Target/usbd_conf.o

.debug_ranges   0x0000000000000000     0x1090
 .debug_ranges  0x0000000000000000       0x48 ./Core/Src/Bridge.o
 .debug_ranges  0x0000000000000048       0x40 ./Core/Src/Data_Acquisition_Module.o
 .debug_ranges  0x0000000000000088       0x50 ./Core/Src/main.o
 .debug_ranges  0x00000000000000d8       0x30 ./Core/Src/stm32f4xx_hal_msp.o
 .debug_ranges  0x0000000000000108       0x60 ./Core/Src/stm32f4xx_it.o
 .debug_ranges  0x0000000000000168       0x18 ./Core/Src/system_stm32f4xx.o
 .debug_ranges  0x0000000000000180       0x20 ./Core/Startup/startup_stm32f407vgtx.o
 .debug_ranges  0x00000000000001a0       0xe0 ./Drivers/STM32F4xx_HAL_Driver/Src/stm32f4xx_hal.o
 .debug_ranges  0x0000000000000280       0xd8 ./Drivers/STM32F4xx_HAL_Driver/Src/stm32f4xx_hal_adc.o
 .debug_ranges  0x0000000000000358      0x108 ./Drivers/STM32F4xx_HAL_Driver/Src/stm32f4xx_hal_cortex.o
 .debug_ranges  0x0000000000000460       0x48 ./Drivers/STM32F4xx_HAL_Driver/Src/stm32f4xx_hal_gpio.o
 .debug_ranges  0x00000000000004a8      0x128 ./Drivers/STM32F4xx_HAL_Driver/Src/stm32f4xx_hal_pcd.o
 .debug_ranges  0x00000000000005d0       0x28 ./Drivers/STM32F4xx_HAL_Driver/Src/stm32f4xx_hal_pcd_ex.o
 .debug_ranges  0x00000000000005f8       0x78 ./Drivers/STM32F4xx_HAL_Driver/Src/stm32f4xx_hal_rcc.o
 .debug_ranges  0x0000000000000670      0x3c0 ./Drivers/STM32F4xx_HAL_Driver/Src/stm32f4xx_hal_tim.o
 .debug_ranges  0x0000000000000a30      0x158 ./Drivers/STM32F4xx_HAL_Driver/Src/stm32f4xx_hal_tim_ex.o
 .debug_ranges  0x0000000000000b88      0x188 ./Drivers/STM32F4xx_HAL_Driver/Src/stm32f4xx_ll_usb.o
 .debug_ranges  0x0000000000000d10       0x80 ./Middlewares/ST/STM32_USB_Device_Library/Class/CDC/Src/usbd_cdc.o
 .debug_ranges  0x0000000000000d90       0xa8 ./Middlewares/ST/STM32_USB_Device_Library/Core/Src/usbd_core.o
 .debug_ranges  0x0000000000000e38       0x80 ./Middlewares/ST/STM32_USB_Device_Library/Core/Src/usbd_ctlreq.o
 .debug_ranges  0x0000000000000eb8       0x40 ./Middlewares/ST/STM32_USB_Device_Library/Core/Src/usbd_ioreq.o
 .debug_ranges  0x0000000000000ef8       0x10 ./USB_DEVICE/App/usb_device.o
 .debug_ranges  0x0000000000000f08       0x38 ./USB_DEVICE/App/usbd_cdc_if.o
 .debug_ranges  0x0000000000000f40       0x50 ./USB_DEVICE/App/usbd_desc.o
 .debug_ranges  0x0000000000000f90      0x100 ./USB_DEVICE/Target/usbd_conf.o

.debug_macro    0x0000000000000000    0x26073
 .debug_macro   0x0000000000000000      0x459 ./Core/Src/Bridge.o
 .debug_macro   0x0000000000000459      0xaa8 ./Core/Src/Bridge.o
 .debug_macro   0x0000000000000f01       0x22 ./Core/Src/Bridge.o
 .debug_macro   0x0000000000000f23       0x8e ./Core/Src/Bridge.o
 .debug_macro   0x0000000000000fb1       0x51 ./Core/Src/Bridge.o
 .debug_macro   0x0000000000001002      0x103 ./Core/Src/Bridge.o
 .debug_macro   0x0000000000001105       0x6a ./Core/Src/Bridge.o
 .debug_macro   0x000000000000116f      0x1df ./Core/Src/Bridge.o
 .debug_macro   0x000000000000134e      0x2a1 ./Core/Src/Bridge.o
 .debug_macro   0x00000000000015ef       0x2e ./Core/Src/Bridge.o
 .debug_macro   0x000000000000161d       0x2f ./Core/Src/Bridge.o
 .debug_macro   0x000000000000164c       0x1c ./Core/Src/Bridge.o
 .debug_macro   0x0000000000001668       0x22 ./Core/Src/Bridge.o
 .debug_macro   0x000000000000168a       0xdf ./Core/Src/Bridge.o
 .debug_macro   0x0000000000001769     0x102d ./Core/Src/Bridge.o
 .debug_macro   0x0000000000002796      0x11f ./Core/Src/Bridge.o
 .debug_macro   0x00000000000028b5    0x15e58 ./Core/Src/Bridge.o
 .debug_macro   0x000000000001870d       0x6d ./Core/Src/Bridge.o
 .debug_macro   0x000000000001877a     0x3666 ./Core/Src/Bridge.o
 .debug_macro   0x000000000001bde0      0x174 ./Core/Src/Bridge.o
 .debug_macro   0x000000000001bf54       0x5c ./Core/Src/Bridge.o
 .debug_macro   0x000000000001bfb0      0x96b ./Core/Src/Bridge.o
 .debug_macro   0x000000000001c91b      0x9fe ./Core/Src/Bridge.o
 .debug_macro   0x000000000001d319      0x116 ./Core/Src/Bridge.o
 .debug_macro   0x000000000001d42f      0x13e ./Core/Src/Bridge.o
 .debug_macro   0x000000000001d56d       0xa5 ./Core/Src/Bridge.o
 .debug_macro   0x000000000001d612      0x174 ./Core/Src/Bridge.o
 .debug_macro   0x000000000001d786      0x287 ./Core/Src/Bridge.o
 .debug_macro   0x000000000001da0d       0x5f ./Core/Src/Bridge.o
 .debug_macro   0x000000000001da6c      0x236 ./Core/Src/Bridge.o
 .debug_macro   0x000000000001dca2      0xb5b ./Core/Src/Bridge.o
 .debug_macro   0x000000000001e7fd      0x38b ./Core/Src/Bridge.o
 .debug_macro   0x000000000001eb88      0x176 ./Core/Src/Bridge.o
 .debug_macro   0x000000000001ecfe       0xf9 ./Core/Src/Bridge.o
 .debug_macro   0x000000000001edf7      0x12c ./Core/Src/Bridge.o
 .debug_macro   0x000000000001ef23      0x21e ./Core/Src/Bridge.o
 .debug_macro   0x000000000001f141       0x2e ./Core/Src/Bridge.o
 .debug_macro   0x000000000001f16f      0x11a ./Core/Src/Bridge.o
 .debug_macro   0x000000000001f289       0x7e ./Core/Src/Bridge.o
 .debug_macro   0x000000000001f307       0x89 ./Core/Src/Bridge.o
 .debug_macro   0x000000000001f390      0x8d1 ./Core/Src/Bridge.o
 .debug_macro   0x000000000001fc61       0x47 ./Core/Src/Bridge.o
 .debug_macro   0x000000000001fca8      0x21e ./Core/Src/Bridge.o
 .debug_macro   0x000000000001fec6       0xba ./Core/Src/Bridge.o
 .debug_macro   0x000000000001ff80      0x12d ./Core/Src/Bridge.o
 .debug_macro   0x00000000000200ad       0x52 ./Core/Src/Bridge.o
 .debug_macro   0x00000000000200ff       0x18 ./Core/Src/Bridge.o
 .debug_macro   0x0000000000020117       0x3c ./Core/Src/Bridge.o
 .debug_macro   0x0000000000020153       0x34 ./Core/Src/Bridge.o
 .debug_macro   0x0000000000020187       0x16 ./Core/Src/Bridge.o
 .debug_macro   0x000000000002019d       0x35 ./Core/Src/Bridge.o
 .debug_macro   0x00000000000201d2      0x333 ./Core/Src/Bridge.o
 .debug_macro   0x0000000000020505       0x10 ./Core/Src/Bridge.o
 .debug_macro   0x0000000000020515       0x16 ./Core/Src/Bridge.o
 .debug_macro   0x000000000002052b       0x43 ./Core/Src/Bridge.o
 .debug_macro   0x000000000002056e       0x34 ./Core/Src/Bridge.o
 .debug_macro   0x00000000000205a2       0x10 ./Core/Src/Bridge.o
 .debug_macro   0x00000000000205b2       0x58 ./Core/Src/Bridge.o
 .debug_macro   0x000000000002060a       0x71 ./Core/Src/Bridge.o
 .debug_macro   0x000000000002067b       0x1c ./Core/Src/Bridge.o
 .debug_macro   0x0000000000020697      0x12a ./Core/Src/Bridge.o
 .debug_macro   0x00000000000207c1       0x10 ./Core/Src/Bridge.o
 .debug_macro   0x00000000000207d1       0x1c ./Core/Src/Bridge.o
 .debug_macro   0x00000000000207ed       0x52 ./Core/Src/Bridge.o
 .debug_macro   0x000000000002083f       0x22 ./Core/Src/Bridge.o
 .debug_macro   0x0000000000020861       0x10 ./Core/Src/Bridge.o
 .debug_macro   0x0000000000020871       0x40 ./Core/Src/Bridge.o
 .debug_macro   0x00000000000208b1       0xd5 ./Core/Src/Bridge.o
 .debug_macro   0x0000000000020986       0x1c ./Core/Src/Bridge.o
 .debug_macro   0x00000000000209a2       0x3d ./Core/Src/Bridge.o
 .debug_macro   0x00000000000209df       0x16 ./Core/Src/Bridge.o
 .debug_macro   0x00000000000209f5      0x145 ./Core/Src/Bridge.o
 .debug_macro   0x0000000000020b3a       0x16 ./Core/Src/Bridge.o
 .debug_macro   0x0000000000020b50       0x16 ./Core/Src/Bridge.o
 .debug_macro   0x0000000000020b66       0x29 ./Core/Src/Bridge.o
 .debug_macro   0x0000000000020b8f       0x16 ./Core/Src/Bridge.o
 .debug_macro   0x0000000000020ba5       0x20 ./Core/Src/Bridge.o
 .debug_macro   0x0000000000020bc5       0x65 ./Core/Src/Bridge.o
 .debug_macro   0x0000000000020c2a      0x1ef ./Core/Src/Bridge.o
 .debug_macro   0x0000000000020e19       0x95 ./Core/Src/Bridge.o
 .debug_macro   0x0000000000020eae       0x10 ./Core/Src/Bridge.o
 .debug_macro   0x0000000000020ebe       0x76 ./Core/Src/Bridge.o
 .debug_macro   0x0000000000020f34       0x1c ./Core/Src/Bridge.o
 .debug_macro   0x0000000000020f50      0x45a ./Core/Src/Data_Acquisition_Module.o
 .debug_macro   0x00000000000213aa       0x4c ./Core/Src/Data_Acquisition_Module.o
 .debug_macro   0x00000000000213f6       0x94 ./Core/Src/Data_Acquisition_Module.o
 .debug_macro   0x000000000002148a       0x57 ./Core/Src/Data_Acquisition_Module.o
 .debug_macro   0x00000000000214e1      0x339 ./Core/Src/Data_Acquisition_Module.o