../Core/Src/main.c:80:6:HEX_to_DEC	24	static
../Core/Src/main.c:111:5:main	8	static
../Core/Src/main.c:166:6:SystemClock_Config	88	static
../Core/Src/main.c:207:13:MX_ADC1_Init	24	static
../Core/Src/main.c:276:13:MX_TIM2_Init	40	static
../Core/Src/main.c:321:13:MX_USART1_UART_Init	8	static
../Core/Src/main.c:369:13:MX_USART2_UART_Init	8	static
../Core/Src/main.c:405:13:MX_GPIO_Init	48	static
../Core/Src/main.c:467:6:HAL_TIM_PeriodElapsedCallback	56	static
../Core/Src/main.c:540:6:Error_Handler	8	static,ignoring_inline_asm
